Component: ARM Compiler 5.06 update 4 (build 422) Tool: armlink [4d35d2]

==============================================================================

Section Cross References

    main.o(.text) refers to stm32f4xx_rcc.o(.text) for RCC_AHB1PeriphClockCmd
    main.o(.text) refers to stm32f4xx_gpio.o(.text) for GPIO_Init
    main.o(.text) refers to remote.o(.text) for Remote_uart2_init
    main.o(.text) refers to delay.o(.text) for delay_init
    main.o(.text) refers to mpu6050.o(.text) for MPU_Init
    main.o(.text) refers to can.o(.text) for CAN1_Mode_Init
    main.o(.text) refers to pzt_motor.o(.text) for PZT_Init
    main.o(.text) refers to chassis_motor.o(.text) for CM_Init
    main.o(.text) refers to inv_mpu.o(.text) for mpu_dmp_init
    main.o(.text) refers to stm32f4xx_tim.o(.text) for TIM_GetITStatus
    main.o(.text) refers to pzt_motor.o(.data) for Init
    main.o(.text) refers to main.o(.data) for s
    system_stm32f4xx.o(.text) refers to system_stm32f4xx.o(.data) for SystemCoreClock
    startup_stm32f40_41xxx.o(RESET) refers to startup_stm32f40_41xxx.o(STACK) for __initial_sp
    startup_stm32f40_41xxx.o(RESET) refers to startup_stm32f40_41xxx.o(.text) for Reset_Handler
    startup_stm32f40_41xxx.o(RESET) refers to stm32f4xx_it.o(.text) for NMI_Handler
    startup_stm32f40_41xxx.o(RESET) refers to remote.o(.text) for DMA1_Stream5_IRQHandler
    startup_stm32f40_41xxx.o(RESET) refers to can.o(.text) for CAN1_RX0_IRQHandler
    startup_stm32f40_41xxx.o(RESET) refers to main.o(.text) for TIM8_BRK_TIM12_IRQHandler
    startup_stm32f40_41xxx.o(RESET) refers to chassis_motor.o(.text) for TIM8_UP_TIM13_IRQHandler
    startup_stm32f40_41xxx.o(RESET) refers to pzt_motor.o(.text) for TIM8_TRG_COM_TIM14_IRQHandler
    startup_stm32f40_41xxx.o(.text) refers to system_stm32f4xx.o(.text) for SystemInit
    startup_stm32f40_41xxx.o(.text) refers to entry.o(.ARM.Collect$$$$00000000) for __main
    stm32f4xx_adc.o(.text) refers to stm32f4xx_rcc.o(.text) for RCC_APB2PeriphResetCmd
    stm32f4xx_can.o(.text) refers to stm32f4xx_rcc.o(.text) for RCC_APB1PeriphResetCmd
    stm32f4xx_cryp.o(.text) refers to stm32f4xx_rcc.o(.text) for RCC_AHB2PeriphResetCmd
    stm32f4xx_cryp_aes.o(.text) refers to stm32f4xx_cryp.o(.text) for CRYP_KeyStructInit
    stm32f4xx_cryp_des.o(.text) refers to stm32f4xx_cryp.o(.text) for CRYP_KeyStructInit
    stm32f4xx_cryp_tdes.o(.text) refers to stm32f4xx_cryp.o(.text) for CRYP_KeyStructInit
    stm32f4xx_dac.o(.text) refers to stm32f4xx_rcc.o(.text) for RCC_APB1PeriphResetCmd
    stm32f4xx_dma2d.o(.text) refers to stm32f4xx_rcc.o(.text) for RCC_AHB1PeriphResetCmd
    stm32f4xx_fsmc.o(.text) refers to stm32f4xx_fsmc.o(.constdata) for FSMC_DefaultTimingStruct
    stm32f4xx_gpio.o(.text) refers to stm32f4xx_rcc.o(.text) for RCC_AHB1PeriphResetCmd
    stm32f4xx_hash.o(.text) refers to stm32f4xx_rcc.o(.text) for RCC_AHB2PeriphResetCmd
    stm32f4xx_hash_md5.o(.text) refers to stm32f4xx_hash.o(.text) for HASH_DeInit
    stm32f4xx_hash_sha1.o(.text) refers to stm32f4xx_hash.o(.text) for HASH_DeInit
    stm32f4xx_i2c.o(.text) refers to stm32f4xx_rcc.o(.text) for RCC_APB1PeriphResetCmd
    stm32f4xx_ltdc.o(.text) refers to stm32f4xx_rcc.o(.text) for RCC_APB2PeriphResetCmd
    stm32f4xx_pwr.o(.text) refers to stm32f4xx_rcc.o(.text) for RCC_APB1PeriphResetCmd
    stm32f4xx_rcc.o(.text) refers to stm32f4xx_rcc.o(.data) for APBAHBPrescTable
    stm32f4xx_rng.o(.text) refers to stm32f4xx_rcc.o(.text) for RCC_AHB2PeriphResetCmd
    stm32f4xx_sai.o(.text) refers to stm32f4xx_rcc.o(.text) for RCC_APB2PeriphResetCmd
    stm32f4xx_sdio.o(.text) refers to stm32f4xx_rcc.o(.text) for RCC_APB2PeriphResetCmd
    stm32f4xx_spi.o(.text) refers to stm32f4xx_rcc.o(.text) for RCC_APB2PeriphResetCmd
    stm32f4xx_syscfg.o(.text) refers to stm32f4xx_rcc.o(.text) for RCC_APB2PeriphResetCmd
    stm32f4xx_tim.o(.text) refers to stm32f4xx_rcc.o(.text) for RCC_APB2PeriphResetCmd
    stm32f4xx_usart.o(.text) refers to stm32f4xx_rcc.o(.text) for RCC_APB2PeriphResetCmd
    stm32f4xx_wwdg.o(.text) refers to stm32f4xx_rcc.o(.text) for RCC_APB1PeriphResetCmd
    delay.o(.text) refers to misc.o(.text) for SysTick_CLKSourceConfig
    delay.o(.text) refers to delay.o(.data) for fac_us
    can.o(.text) refers to stm32f4xx_rcc.o(.text) for RCC_AHB1PeriphClockCmd
    can.o(.text) refers to stm32f4xx_gpio.o(.text) for GPIO_Init
    can.o(.text) refers to stm32f4xx_can.o(.text) for CAN_Init
    can.o(.text) refers to misc.o(.text) for NVIC_Init
    can.o(.text) refers to can.o(.bss) for Can_buf_R
    timer.o(.text) refers to stm32f4xx_rcc.o(.text) for RCC_APB1PeriphClockCmd
    timer.o(.text) refers to stm32f4xx_tim.o(.text) for TIM_TimeBaseInit
    timer.o(.text) refers to misc.o(.text) for NVIC_Init
    timer.o(.text) refers to stm32f4xx_gpio.o(.text) for GPIO_PinAFConfig
    pzt_motor.o(.text) refers to stm32f4xx_rcc.o(.text) for RCC_APB1PeriphClockCmd
    pzt_motor.o(.text) refers to stm32f4xx_tim.o(.text) for TIM_TimeBaseInit
[...]
    ..\HARDWARE\eMPL\inv_mpu_dmp_motion_driver.c 0x00000000   Number         0  inv_mpu_dmp_motion_driver.o ABSOLUTE
    ..\HARDWARE\remote.c                     0x00000000   Number         0  remote.o ABSOLUTE
    ..\HARDWARE\timer.c                      0x00000000   Number         0  timer.o ABSOLUTE
    ..\SYSTEM\delay\delay.c                  0x00000000   Number         0  delay.o ABSOLUTE
    ..\SYSTEM\sys\sys.c                      0x00000000   Number         0  sys.o ABSOLUTE
    ..\\FWLIB\\src\\misc.c                   0x00000000   Number         0  misc.o ABSOLUTE
    ..\\FWLIB\\src\\stm32f4xx_adc.c          0x00000000   Number         0  stm32f4xx_adc.o ABSOLUTE
    ..\\FWLIB\\src\\stm32f4xx_can.c          0x00000000   Number         0  stm32f4xx_can.o ABSOLUTE
    ..\\FWLIB\\src\\stm32f4xx_crc.c          0x00000000   Number         0  stm32f4xx_crc.o ABSOLUTE
    ..\\FWLIB\\src\\stm32f4xx_cryp.c         0x00000000   Number         0  stm32f4xx_cryp.o ABSOLUTE
    ..\\FWLIB\\src\\stm32f4xx_cryp_aes.c     0x00000000   Number         0  stm32f4xx_cryp_aes.o ABSOLUTE
    ..\\FWLIB\\src\\stm32f4xx_cryp_des.c     0x00000000   Number         0  stm32f4xx_cryp_des.o ABSOLUTE
    ..\\FWLIB\\src\\stm32f4xx_cryp_tdes.c    0x00000000   Number         0  stm32f4xx_cryp_tdes.o ABSOLUTE
    ..\\FWLIB\\src\\stm32f4xx_dac.c          0x00000000   Number         0  stm32f4xx_dac.o ABSOLUTE
    ..\\FWLIB\\src\\stm32f4xx_dbgmcu.c       0x00000000   Number         0  stm32f4xx_dbgmcu.o ABSOLUTE
    ..\\FWLIB\\src\\stm32f4xx_dcmi.c         0x00000000   Number         0  stm32f4xx_dcmi.o ABSOLUTE
    ..\\FWLIB\\src\\stm32f4xx_dma.c          0x00000000   Number         0  stm32f4xx_dma.o ABSOLUTE
    ..\\FWLIB\\src\\stm32f4xx_dma2d.c        0x00000000   Number         0  stm32f4xx_dma2d.o ABSOLUTE
    ..\\FWLIB\\src\\stm32f4xx_exti.c         0x00000000   Number         0  stm32f4xx_exti.o ABSOLUTE
    ..\\FWLIB\\src\\stm32f4xx_flash.c        0x00000000   Number         0  stm32f4xx_flash.o ABSOLUTE
    ..\\FWLIB\\src\\stm32f4xx_flash_ramfunc.c 0x00000000   Number         0  stm32f4xx_flash_ramfunc.o ABSOLUTE
    ..\\FWLIB\\src\\stm32f4xx_fsmc.c         0x00000000   Number         0  stm32f4xx_fsmc.o ABSOLUTE
    ..\\FWLIB\\src\\stm32f4xx_gpio.c         0x00000000   Number         0  stm32f4xx_gpio.o ABSOLUTE
    ..\\FWLIB\\src\\stm32f4xx_hash.c         0x00000000   Number         0  stm32f4xx_hash.o ABSOLUTE
    ..\\FWLIB\\src\\stm32f4xx_hash_md5.c     0x00000000   Number         0  stm32f4xx_hash_md5.o ABSOLUTE
    ..\\FWLIB\\src\\stm32f4xx_hash_sha1.c    0x00000000   Number         0  stm32f4xx_hash_sha1.o ABSOLUTE
    ..\\FWLIB\\src\\stm32f4xx_i2c.c          0x00000000   Number         0  stm32f4xx_i2c.o ABSOLUTE
    ..\\FWLIB\\src\\stm32f4xx_iwdg.c         0x00000000   Number         0  stm32f4xx_iwdg.o ABSOLUTE
    ..\\FWLIB\\src\\stm32f4xx_ltdc.c         0x00000000   Number         0  stm32f4xx_ltdc.o ABSOLUTE
    ..\\FWLIB\\src\\stm32f4xx_pwr.c          0x00000000   Number         0  stm32f4xx_pwr.o ABSOLUTE
    ..\\FWLIB\\src\\stm32f4xx_rcc.c          0x00000000   Number         0  stm32f4xx_rcc.o ABSOLUTE
    ..\\FWLIB\\src\\stm32f4xx_rng.c          0x00000000   Number         0  stm32f4xx_rng.o ABSOLUTE
    ..\\FWLIB\\src\\stm32f4xx_rtc.c          0x00000000   Number         0  stm32f4xx_rtc.o ABSOLUTE
    ..\\FWLIB\\src\\stm32f4xx_sai.c          0x00000000   Number         0  stm32f4xx_sai.o ABSOLUTE
    ..\\FWLIB\\src\\stm32f4xx_sdio.c         0x00000000   Number         0  stm32f4xx_sdio.o ABSOLUTE
    ..\\FWLIB\\src\\stm32f4xx_spi.c          0x00000000   Number         0  stm32f4xx_spi.o ABSOLUTE
    ..\\FWLIB\\src\\stm32f4xx_syscfg.c       0x00000000   Number         0  stm32f4xx_syscfg.o ABSOLUTE
    ..\\FWLIB\\src\\stm32f4xx_tim.c          0x00000000   Number         0  stm32f4xx_tim.o ABSOLUTE
    ..\\FWLIB\\src\\stm32f4xx_usart.c        0x00000000   Number         0  stm32f4xx_usart.o ABSOLUTE
    ..\\FWLIB\\src\\stm32f4xx_wwdg.c         0x00000000   Number         0  stm32f4xx_wwdg.o ABSOLUTE
    ..\\HARDWARE\\IIC\\myiic.c               0x00000000   Number         0  myiic.o ABSOLUTE
    ..\\HARDWARE\\MPU6050\\mpu6050.c         0x00000000   Number         0  mpu6050.o ABSOLUTE
    ..\\HARDWARE\\PZT_motor.c                0x00000000   Number         0  pzt_motor.o ABSOLUTE
    ..\\HARDWARE\\can.c                      0x00000000   Number         0  can.o ABSOLUTE
    ..\\HARDWARE\\chassis_motor.c            0x00000000   Number         0  chassis_motor.o ABSOLUTE
    ..\\HARDWARE\\eMPL\\inv_mpu.c            0x00000000   Number         0  inv_mpu.o ABSOLUTE
    ..\\HARDWARE\\eMPL\\inv_mpu_dmp_motion_driver.c 0x00000000   Number         0  inv_mpu_dmp_motion_driver.o ABSOLUTE
    ..\\HARDWARE\\remote.c                   0x00000000   Number         0  remote.o ABSOLUTE
    ..\\HARDWARE\\timer.c                    0x00000000   Number         0  timer.o ABSOLUTE
    ..\\SYSTEM\\delay\\delay.c               0x00000000   Number         0  delay.o ABSOLUTE
    ..\\SYSTEM\\sys\\sys.c                   0x00000000   Number         0  sys.o ABSOLUTE
    cdcmple.s                                0x00000000   Number         0  cdcmple.o ABSOLUTE
    cdrcmple.s                               0x00000000   Number         0  cdrcmple.o ABSOLUTE
    dc.s                                     0x00000000   Number         0  dc.o ABSOLUTE
    handlers.s                               0x00000000   Number         0  handlers.o ABSOLUTE
    init.s                                   0x00000000   Number         0  init.o ABSOLUTE
    main.c                                   0x00000000   Number         0  main.o ABSOLUTE
    main.c                                   0x00000000   Number         0  main.o ABSOLUTE
    stm32f4xx_it.c                           0x00000000   Number         0  stm32f4xx_it.o ABSOLUTE
    stm32f4xx_it.c                           0x00000000   Number         0  stm32f4xx_it.o ABSOLUTE
    system_stm32f4xx.c                       0x00000000   Number         0  system_stm32f4xx.o ABSOLUTE
    system_stm32f4xx.c                       0x00000000   Number         0  system_stm32f4xx.o ABSOLUTE
    RESET                                    0x08000000   Section      392  startup_stm32f40_41xxx.o(RESET)
    .ARM.Collect$$$$00000000                 0x08000188   Section        0  entry.o(.ARM.Collect$$$$00000000)
    .ARM.Collect$$$$00000001                 0x08000188   Section        4  entry2.o(.ARM.Collect$$$$00000001)
    .ARM.Collect$$$$00000004                 0x0800018c   Section        4  entry5.o(.ARM.Collect$$$$00000004)
    .ARM.Collect$$$$00000008                 0x08000190   Section        0  entry7b.o(.ARM.Collect$$$$00000008)
    .ARM.Collect$$$$0000000A                 0x08000190   Section        0  entry8b.o(.ARM.Collect$$$$0000000A)
    .ARM.Collect$$$$0000000B                 0x08000190   Section        8  entry9a.o(.ARM.Collect$$$$0000000B)
    .ARM.Collect$$$$0000000D                 0x08000198   Section        0  entry10a.o(.ARM.Collect$$$$0000000D)
    .ARM.Collect$$$$0000000F                 0x08000198   Section        0  entry11a.o(.ARM.Collect$$$$0000000F)
    .ARM.Collect$$$$00002712                 0x08000198   Section        4  entry2.o(.ARM.Collect$$$$00002712)
    __lit__00000000                          0x08000198   Data           4  entry2.o(.ARM.Collect$$$$00002712)
    .text                                    0x0800019c   Section        0  main.o(.text)
    .text                                    0x08000240   Section        0  stm32f4xx_it.o(.text)
    .text                                    0x0800025c   Section        0  system_stm32f4xx.o(.text)
    SetSysClock                              0x0800025d   Thumb Code   220  system_stm32f4xx.o(.text)
    .text                                    0x0800046c   Section       36  startup_stm32f40_41xxx.o(.text)
    $v0                                      0x0800046c   Number         0  startup_stm32f40_41xxx.o(.text)
    .text                                    0x08000490   Section        0  misc.o(.text)
    .text                                    0x08000570   Section        0  stm32f4xx_can.o(.text)
    CheckITStatus                            0x08000d73   Thumb Code    18  stm32f4xx_can.o(.text)
    .text                                    0x08000f60   Section        0  stm32f4xx_dma.o(.text)
    .text                                    0x08001308   Section        0  stm32f4xx_gpio.o(.text)
    .text                                    0x0800159c   Section        0  stm32f4xx_rcc.o(.text)
    .text                                    0x08001bf8   Section        0  stm32f4xx_tim.o(.text)
    TI4_Config                               0x08002397   Thumb Code    80  stm32f4xx_tim.o(.text)
    TI3_Config                               0x080023f9   Thumb Code    72  stm32f4xx_tim.o(.text)
    TI2_Config                               0x0800245b   Thumb Code    90  stm32f4xx_tim.o(.text)
    TI1_Config                               0x080024c7   Thumb Code    58  stm32f4xx_tim.o(.text)
    .text                                    0x0800289c   Section        0  stm32f4xx_usart.o(.text)
    .text                                    0x08002cf0   Section        0  delay.o(.text)
    .text                                    0x08002df4   Section        0  can.o(.text)
    .text                                    0x0800311c   Section        0  pzt_motor.o(.text)
    .text                                    0x08003aa4   Section        0  remote.o(.text)
    .text                                    0x08003cc4   Section        0  mpu6050.o(.text)
    .text                                    0x08004150   Section        0  myiic.o(.text)
    .text                                    0x080043a8   Section        0  chassis_motor.o(.text)
    .text                                    0x08004850   Section        0  inv_mpu.o(.text)
    set_int_enable                           0x08004851   Thumb Code   138  inv_mpu.o(.text)
    get_accel_prod_shift                     0x08005acd   Thumb Code   190  inv_mpu.o(.text)
    accel_self_test                          0x08005b8b   Thumb Code   182  inv_mpu.o(.text)
    gyro_self_test                           0x08005c41   Thumb Code   286  inv_mpu.o(.text)
    get_st_biases                            0x08005d5f   Thumb Code  1138  inv_mpu.o(.text)
    .text                                    0x08006b00   Section        0  inv_mpu_dmp_motion_driver.o(.text)
    decode_gesture                           0x080075d5   Thumb Code    94  inv_mpu_dmp_motion_driver.o(.text)
    .text                                    0x08007890   Section        0  ldiv.o(.text)
    .text                                    0x080078f2   Section        0  memseta.o(.text)
    .text                                    0x08007916   Section        0  memcmp.o(.text)
    .text                                    0x08007930   Section        0  dadd.o(.text)
    .text                                    0x08007a7e   Section        0  dmul.o(.text)
    .text                                    0x08007b62   Section        0  ddiv.o(.text)
    .text                                    0x08007c40   Section        0  dflti.o(.text)
    .text                                    0x08007c62   Section        0  f2d.o(.text)
    .text                                    0x08007c88   Section        0  d2f.o(.text)
    .text                                    0x08007cc0   Section        0  uldiv.o(.text)
    .text                                    0x08007d22   Section        0  llshl.o(.text)
    .text                                    0x08007d40   Section        0  llsshr.o(.text)
    .text                                    0x08007d64   Section        0  fepilogue.o(.text)
    .text                                    0x08007d64   Section        0  iusefp.o(.text)
    .text                                    0x08007dd2   Section        0  depilogue.o(.text)
    .text                                    0x08007e8c   Section       36  init.o(.text)
    .text                                    0x08007eb0   Section        0  llushr.o(.text)
    .text                                    0x08007eb0   Section        0  semi.o(.text)
    .text                                    0x08007ed0   Section        0  iusesemip.o(.text)
    .text                                    0x08007ed0   Section        0  dsqrt.o(.text)
    i.__0printf$8                            0x08007f74   Section        0  printf8.o(i.__0printf$8)
    i.__ARM_fpclassify                       0x08007f94   Section        0  fpclassify.o(i.__ARM_fpclassify)
    i.__hardfp_asin                          0x08007fc8   Section        0  asin.o(i.__hardfp_asin)
    i.__hardfp_atan                          0x08008328   Section        0  atan.o(i.__hardfp_atan)
    i.__hardfp_atan2                         0x08008600   Section        0  atan2.o(i.__hardfp_atan2)
    i.__kernel_poly                          0x080087f0   Section        0  poly.o(i.__kernel_poly)
    i.__mathlib_dbl_infnan                   0x080088e8   Section        0  dunder.o(i.__mathlib_dbl_infnan)
    i.__mathlib_dbl_infnan2                  0x080088fc   Section        0  dunder.o(i.__mathlib_dbl_infnan2)
    i.__mathlib_dbl_invalid                  0x08008910   Section        0  dunder.o(i.__mathlib_dbl_invalid)
    i.__mathlib_dbl_underflow                0x08008930   Section        0  dunder.o(i.__mathlib_dbl_underflow)
    i.__scatterload_copy                     0x08008950   Section       14  handlers.o(i.__scatterload_copy)
    i.__scatterload_null                     0x0800895e   Section        2  handlers.o(i.__scatterload_null)
    i.__scatterload_zeroinit                 0x08008960   Section       14  handlers.o(i.__scatterload_zeroinit)
    i.__set_errno                            0x08008970   Section        0  errno.o(i.__set_errno)
    i._printf_core                           0x0800897c   Section        0  printf8.o(i._printf_core)
    _printf_core                             0x0800897d   Thumb Code   996  printf8.o(i._printf_core)
    i._printf_post_padding                   0x08008d8c   Section        0  printf8.o(i._printf_post_padding)
    _printf_post_padding                     0x08008d8d   Thumb Code    36  printf8.o(i._printf_post_padding)
    i._printf_pre_padding                    0x08008db0   Section        0  printf8.o(i._printf_pre_padding)
    _printf_pre_padding                      0x08008db1   Thumb Code    46  printf8.o(i._printf_pre_padding)
    i.atan                                   0x08008dde   Section        0  atan.o(i.atan)
    i.fabs                                   0x08008dee   Section        0  fabs.o(i.fabs)
    i.fputc                                  0x08008e06   Section        0  fputc.o(i.fputc)
    i.sqrt                                   0x08008e18   Section        0  sqrt.o(i.sqrt)
    .constdata                               0x08008e88   Section       80  inv_mpu.o(.constdata)
    .constdata                               0x08008ed8   Section     3062  inv_mpu_dmp_motion_driver.o(.constdata)
    dmp_memory                               0x08008ed8   Data        3062  inv_mpu_dmp_motion_driver.o(.constdata)
    .constdata                               0x08009ad0   Section       80  asin.o(.constdata)
    pS                                       0x08009ad0   Data          48  asin.o(.constdata)
    qS                                       0x08009b00   Data          32  asin.o(.constdata)
    .constdata                               0x08009b20   Section      152  atan.o(.constdata)
    atanhi                                   0x08009b20   Data          32  atan.o(.constdata)
    atanlo                                   0x08009b40   Data          32  atan.o(.constdata)
    aTodd                                    0x08009b60   Data          40  atan.o(.constdata)
    aTeven                                   0x08009b88   Data          48  atan.o(.constdata)
    .constdata                               0x08009bb8   Section        8  qnan.o(.constdata)
    .conststring                             0x08009bc0   Section       77  inv_mpu.o(.conststring)
    .data                                    0x20000000   Section        1  main.o(.data)
    .data                                    0x20000004   Section       20  system_stm32f4xx.o(.data)
    .data                                    0x20000018   Section       16  stm32f4xx_rcc.o(.data)
    APBAHBPrescTable                         0x20000018   Data          16  stm32f4xx_rcc.o(.data)
    .data                                    0x20000028   Section        4  delay.o(.data)
    fac_us                                   0x20000028   Data           1  delay.o(.data)
    fac_ms                                   0x2000002a   Data           2  delay.o(.data)
    .data                                    0x2000002c   Section       37  pzt_motor.o(.data)
    .data                                    0x20000054   Section       12  mpu6050.o(.data)
    .data                                    0x20000060   Section        8  chassis_motor.o(.data)
    .data                                    0x20000068   Section       53  inv_mpu.o(.data)
    st                                       0x20000068   Data          44  inv_mpu.o(.data)
    gyro_orientation                         0x20000094   Data           9  inv_mpu.o(.data)
    .data                                    0x200000a0   Section        4  stdout.o(.data)
    .data                                    0x200000a4   Section        4  errno.o(.data)
    _errno                                   0x200000a4   Data           4  errno.o(.data)
    .bss                                     0x200000a8   Section       48  can.o(.bss)
    .bss                                     0x200000d8   Section      244  pzt_motor.o(.bss)
    .bss                                     0x200001cc   Section       38  remote.o(.bss)
    .bss                                     0x200001f4   Section      328  mpu6050.o(.bss)
    .bss                                     0x2000033c   Section      200  chassis_motor.o(.bss)
    .bss                                     0x20000404   Section       16  inv_mpu_dmp_motion_driver.o(.bss)
    dmp                                      0x20000404   Data          16  inv_mpu_dmp_motion_driver.o(.bss)
    STACK                                    0x20000418   Section     1024  startup_stm32f40_41xxx.o(STACK)

    Global Symbols

    Symbol Name                              Value     Ov Type        Size  Object(Section)

    BuildAttributes$$THM_ISAv4$E$P$D$K$B$S$7EM$VFPi3$EXTD16$VFPS$VFMA$PE$A:L22UL41UL21$X:L11$S22US41US21$IEEE1$IW$USESV6$~STKCKD$USESV7$~SHL$OTIME$ROPI$IEEEX$EBA8$MICROLIB$REQ8$PRES8$EABIv2 0x00000000   Number         0  anon$$obj.o ABSOLUTE
    __ARM_use_no_argv                        0x00000000   Number         0  main.o ABSOLUTE
    _printf_a                                0x00000000   Number         0  stubs.o ABSOLUTE
    _printf_c                                0x00000000   Number         0  stubs.o ABSOLUTE
    _printf_charcount                        0x00000000   Number         0  stubs.o ABSOLUTE
    _printf_d                                0x00000000   Number         0  stubs.o ABSOLUTE
    _printf_e                                0x00000000   Number         0  stubs.o ABSOLUTE
    _printf_f                                0x00000000   Number         0  stubs.o ABSOLUTE
    _printf_flags                            0x00000000   Number         0  stubs.o ABSOLUTE
    _printf_fp_dec                           0x00000000   Number         0  stubs.o ABSOLUTE
    _printf_fp_hex                           0x00000000   Number         0  stubs.o ABSOLUTE
    _printf_g                                0x00000000   Number         0  stubs.o ABSOLUTE
    _printf_i                                0x00000000   Number         0  stubs.o ABSOLUTE
    _printf_int_dec                          0x00000000   Number         0  stubs.o ABSOLUTE
    _printf_l                                0x00000000   Number         0  stubs.o ABSOLUTE
    _printf_lc                               0x00000000   Number         0  stubs.o ABSOLUTE
    _printf_ll                               0x00000000   Number         0  stubs.o ABSOLUTE
    _printf_lld                              0x00000000   Number         0  stubs.o ABSOLUTE
    _printf_lli                              0x00000000   Number         0  stubs.o ABSOLUTE
    _printf_llo                              0x00000000   Number         0  stubs.o ABSOLUTE
    _printf_llu                              0x00000000   Number         0  stubs.o ABSOLUTE
    _printf_llx                              0x00000000   Number         0  stubs.o ABSOLUTE
    _printf_longlong_dec                     0x00000000   Number         0  stubs.o ABSOLUTE
    _printf_longlong_hex                     0x00000000   Number         0  stubs.o ABSOLUTE
    _printf_longlong_oct                     0x00000000   Number         0  stubs.o ABSOLUTE
    _printf_ls                               0x00000000   Number         0  stubs.o ABSOLUTE
    _printf_mbtowc                           0x00000000   Number         0  stubs.o ABSOLUTE
    _printf_n                                0x00000000   Number         0  stubs.o ABSOLUTE
    _printf_o                                0x00000000   Number         0  stubs.o ABSOLUTE
    _printf_p                                0x00000000   Number         0  stubs.o ABSOLUTE
    _printf_percent                          0x00000000   Number         0  stubs.o ABSOLUTE
    _printf_pre_padding                      0x00000000   Number         0  stubs.o ABSOLUTE
    _printf_return_value                     0x00000000   Number         0  stubs.o ABSOLUTE
    _printf_s                                0x00000000   Number         0  stubs.o ABSOLUTE
    _printf_sizespec                         0x00000000   Number         0  stubs.o ABSOLUTE
    _printf_str                              0x00000000   Number         0  stubs.o ABSOLUTE
    _printf_truncate_signed                  0x00000000   Number         0  stubs.o ABSOLUTE
    _printf_truncate_unsigned                0x00000000   Number         0  stubs.o ABSOLUTE
    _printf_u                                0x00000000   Number         0  stubs.o ABSOLUTE
    _printf_wc                               0x00000000   Number         0  stubs.o ABSOLUTE
    _printf_wctomb                           0x00000000   Number         0  stubs.o ABSOLUTE
    _printf_widthprec                        0x00000000   Number         0  stubs.o ABSOLUTE
    _printf_x                                0x00000000   Number         0  stubs.o ABSOLUTE
    __cpp_initialize__aeabi_                  - Undefined Weak Reference
    __cxa_finalize                            - Undefined Weak Reference
    __decompress                              - Undefined Weak Reference
    _clock_init                               - Undefined Weak Reference
    _microlib_exit                            - Undefined Weak Reference
    __Vectors_Size                           0x00000188   Number         0  startup_stm32f40_41xxx.o ABSOLUTE
    __Vectors                                0x08000000   Data           4  startup_stm32f40_41xxx.o(RESET)
    __Vectors_End                            0x08000188   Data           0  startup_stm32f40_41xxx.o(RESET)
    __main                                   0x08000189   Thumb Code     0  entry.o(.ARM.Collect$$$$00000000)
    _main_stk                                0x08000189   Thumb Code     0  entry2.o(.ARM.Collect$$$$00000001)
    _main_scatterload                        0x0800018d   Thumb Code     0  entry5.o(.ARM.Collect$$$$00000004)
    __main_after_scatterload                 0x08000191   Thumb Code     0  entry5.o(.ARM.Collect$$$$00000004)
    _main_clock                              0x08000191   Thumb Code     0  entry7b.o(.ARM.Collect$$$$00000008)
    _main_cpp_init                           0x08000191   Thumb Code     0  entry8b.o(.ARM.Collect$$$$0000000A)
    _main_init                               0x08000191   Thumb Code     0  entry9a.o(.ARM.Collect$$$$0000000B)
    __rt_final_cpp                           0x08000199   Thumb Code     0  entry10a.o(.ARM.Collect$$$$0000000D)
    __rt_final_exit                          0x08000199   Thumb Code     0  entry11a.o(.ARM.Collect$$$$0000000F)
    ledInit                                  0x0800019d   Thumb Code    54  main.o(.text)
    main                                     0x080001d3   Thumb Code    74  main.o(.text)
    TIM8_BRK_TIM12_IRQHandler                0x0800021d   Thumb Code    20  main.o(.text)
    NMI_Handler                              0x08000241   Thumb Code     2  stm32f4xx_it.o(.text)
    HardFault_Handler                        0x08000243   Thumb Code     4  stm32f4xx_it.o(.text)
    MemManage_Handler                        0x08000247   Thumb Code     4  stm32f4xx_it.o(.text)
    BusFault_Handler                         0x0800024b   Thumb Code     4  stm32f4xx_it.o(.text)
    UsageFault_Handler                       0x0800024f   Thumb Code     4  stm32f4xx_it.o(.text)
    SVC_Handler                              0x08000253   Thumb Code     2  stm32f4xx_it.o(.text)
    DebugMon_Handler                         0x08000255   Thumb Code     2  stm32f4xx_it.o(.text)
    PendSV_Handler                           0x08000257   Thumb Code     2  stm32f4xx_it.o(.text)
    SysTick_Handler                          0x08000259   Thumb Code     2  stm32f4xx_it.o(.text)
    SystemInit                               0x08000339   Thumb Code    88  system_stm32f4xx.o(.text)
    SystemCoreClockUpdate                    0x08000391   Thumb Code   174  system_stm32f4xx.o(.text)
    Reset_Handler                            0x0800046d   Thumb Code     8  startup_stm32f40_41xxx.o(.text)
    ADC_IRQHandler                           0x08000487   Thumb Code     0  startup_stm32f40_41xxx.o(.text)
    CAN1_RX1_IRQHandler                      0x08000487   Thumb Code     0  startup_stm32f40_41xxx.o(.text)
    CAN1_SCE_IRQHandler                      0x08000487   Thumb Code     0  startup_stm32f40_41xxx.o(.text)
    CAN1_TX_IRQHandler                       0x08000487   Thumb Code     0  startup_stm32f40_41xxx.o(.text)
    CAN2_RX0_IRQHandler                      0x08000487   Thumb Code     0  startup_stm32f40_41xxx.o(.text)
    CAN2_RX1_IRQHandler                      0x08000487   Thumb Code     0  startup_stm32f40_41xxx.o(.text)
    CAN2_SCE_IRQHandler                      0x08000487   Thumb Code     0  startup_stm32f40_41xxx.o(.text)
    CAN2_TX_IRQHandler                       0x08000487   Thumb Code     0  startup_stm32f40_41xxx.o(.text)
    CRYP_IRQHandler                          0x08000487   Thumb Code     0  startup_stm32f40_41xxx.o(.text)
    DCMI_IRQHandler                          0x08000487   Thumb Code     0  startup_stm32f40_41xxx.o(.text)
    DMA1_Stream0_IRQHandler                  0x08000487   Thumb Code     0  startup_stm32f40_41xxx.o(.text)
    DMA1_Stream1_IRQHandler                  0x08000487   Thumb Code     0  startup_stm32f40_41xxx.o(.text)
    DMA1_Stream2_IRQHandler                  0x08000487   Thumb Code     0  startup_stm32f40_41xxx.o(.text)
    DMA1_Stream3_IRQHandler                  0x08000487   Thumb Code     0  startup_stm32f40_41xxx.o(.text)
    DMA1_Stream4_IRQHandler                  0x08000487   Thumb Code     0  startup_stm32f40_41xxx.o(.text)
    DMA1_Stream6_IRQHandler                  0x08000487   Thumb Code     0  startup_stm32f40_41xxx.o(.text)
    DMA1_Stream7_IRQHandler                  0x08000487   Thumb Code     0  startup_stm32f40_41xxx.o(.text)
    DMA2_Stream0_IRQHandler                  0x08000487   Thumb Code     0  startup_stm32f40_41xxx.o(.text)
    DMA2_Stream1_IRQHandler                  0x08000487   Thumb Code     0  startup_stm32f40_41xxx.o(.text)
    DMA2_Stream2_IRQHandler                  0x08000487   Thumb Code     0  startup_stm32f40_41xxx.o(.text)
    DMA2_Stream3_IRQHandler                  0x08000487   Thumb Code     0  startup_stm32f40_41xxx.o(.text)
    DMA2_Stream4_IRQHandler                  0x08000487   Thumb Code     0  startup_stm32f40_41xxx.o(.text)
    DMA2_Stream5_IRQHandler                  0x08000487   Thumb Code     0  startup_stm32f40_41xxx.o(.text)
    DMA2_Stream6_IRQHandler                  0x08000487   Thumb Code     0  startup_stm32f40_41xxx.o(.text)
    DMA2_Stream7_IRQHandler                  0x08000487   Thumb Code     0  startup_stm32f40_41xxx.o(.text)
    ETH_IRQHandler                           0x08000487   Thumb Code     0  startup_stm32f40_41xxx.o(.text)
    ETH_WKUP_IRQHandler                      0x08000487   Thumb Code     0  startup_stm32f40_41xxx.o(.text)
    EXTI0_IRQHandler                         0x08000487   Thumb Code     0  startup_stm32f40_41xxx.o(.text)
    EXTI15_10_IRQHandler                     0x08000487   Thumb Code     0  startup_stm32f40_41xxx.o(.text)
    EXTI1_IRQHandler                         0x08000487   Thumb Code     0  startup_stm32f40_41xxx.o(.text)
    EXTI2_IRQHandler                         0x08000487   Thumb Code     0  startup_stm32f40_41xxx.o(.text)
    EXTI3_IRQHandler                         0x08000487   Thumb Code     0  startup_stm32f40_41xxx.o(.text)
    EXTI4_IRQHandler                         0x08000487   Thumb Code     0  startup_stm32f40_41xxx.o(.text)
    EXTI9_5_IRQHandler                       0x08000487   Thumb Code     0  startup_stm32f40_41xxx.o(.text)
    FLASH_IRQHandler                         0x08000487   Thumb Code     0  startup_stm32f40_41xxx.o(.text)
    FPU_IRQHandler                           0x08000487   Thumb Code     0  startup_stm32f40_41xxx.o(.text)
    FSMC_IRQHandler                          0x08000487   Thumb Code     0  startup_stm32f40_41xxx.o(.text)
    HASH_RNG_IRQHandler                      0x08000487   Thumb Code     0  startup_stm32f40_41xxx.o(.text)
    I2C1_ER_IRQHandler                       0x08000487   Thumb Code     0  startup_stm32f40_41xxx.o(.text)
    I2C1_EV_IRQHandler                       0x08000487   Thumb Code     0  startup_stm32f40_41xxx.o(.text)
    I2C2_ER_IRQHandler                       0x08000487   Thumb Code     0  startup_stm32f40_41xxx.o(.text)
    I2C2_EV_IRQHandler                       0x08000487   Thumb Code     0  startup_stm32f40_41xxx.o(.text)
    I2C3_ER_IRQHandler                       0x08000487   Thumb Code     0  startup_stm32f40_41xxx.o(.text)
    I2C3_EV_IRQHandler                       0x08000487   Thumb Code     0  startup_stm32f40_41xxx.o(.text)
    OTG_FS_IRQHandler                        0x08000487   Thumb Code     0  startup_stm32f40_41xxx.o(.text)
    OTG_FS_WKUP_IRQHandler                   0x08000487   Thumb Code     0  startup_stm32f40_41xxx.o(.text)
    OTG_HS_EP1_IN_IRQHandler                 0x08000487   Thumb Code     0  startup_stm32f40_41xxx.o(.text)
    OTG_HS_EP1_OUT_IRQHandler                0x08000487   Thumb Code     0  startup_stm32f40_41xxx.o(.text)
    OTG_HS_IRQHandler                        0x08000487   Thumb Code     0  startup_stm32f40_41xxx.o(.text)
    OTG_HS_WKUP_IRQHandler                   0x08000487   Thumb Code     0  startup_stm32f40_41xxx.o(.text)
    PVD_IRQHandler                           0x08000487   Thumb Code     0  startup_stm32f40_41xxx.o(.text)
    RCC_IRQHandler                           0x08000487   Thumb Code     0  startup_stm32f40_41xxx.o(.text)
    RTC_Alarm_IRQHandler                     0x08000487   Thumb Code     0  startup_stm32f40_41xxx.o(.text)
    RTC_WKUP_IRQHandler                      0x08000487   Thumb Code     0  startup_stm32f40_41xxx.o(.text)
    SDIO_IRQHandler                          0x08000487   Thumb Code     0  startup_stm32f40_41xxx.o(.text)
    SPI1_IRQHandler                          0x08000487   Thumb Code     0  startup_stm32f40_41xxx.o(.text)
    SPI2_IRQHandler                          0x08000487   Thumb Code     0  startup_stm32f40_41xxx.o(.text)
    SPI3_IRQHandler                          0x08000487   Thumb Code     0  startup_stm32f40_41xxx.o(.text)
    TAMP_STAMP_IRQHandler                    0x08000487   Thumb Code     0  startup_stm32f40_41xxx.o(.text)
    TIM1_BRK_TIM9_IRQHandler                 0x08000487   Thumb Code     0  startup_stm32f40_41xxx.o(.text)
    TIM1_CC_IRQHandler                       0x08000487   Thumb Code     0  startup_stm32f40_41xxx.o(.text)
    TIM1_TRG_COM_TIM11_IRQHandler            0x08000487   Thumb Code     0  startup_stm32f40_41xxx.o(.text)
    TIM1_UP_TIM10_IRQHandler                 0x08000487   Thumb Code     0  startup_stm32f40_41xxx.o(.text)
    TIM2_IRQHandler                          0x08000487   Thumb Code     0  startup_stm32f40_41xxx.o(.text)
    TIM3_IRQHandler                          0x08000487   Thumb Code     0  startup_stm32f40_41xxx.o(.text)
    TIM4_IRQHandler                          0x08000487   Thumb Code     0  startup_stm32f40_41xxx.o(.text)
    TIM5_IRQHandler                          0x08000487   Thumb Code     0  startup_stm32f40_41xxx.o(.text)
    TIM6_DAC_IRQHandler                      0x08000487   Thumb Code     0  startup_stm32f40_41xxx.o(.text)
    TIM7_IRQHandler                          0x08000487   Thumb Code     0  startup_stm32f40_41xxx.o(.text)
    TIM8_CC_IRQHandler                       0x08000487   Thumb Code     0  startup_stm32f40_41xxx.o(.text)
    UART4_IRQHandler                         0x08000487   Thumb Code     0  startup_stm32f40_41xxx.o(.text)
    UART5_IRQHandler                         0x08000487   Thumb Code     0  startup_stm32f40_41xxx.o(.text)
    USART1_IRQHandler                        0x08000487   Thumb Code     0  startup_stm32f40_41xxx.o(.text)
    USART2_IRQHandler                        0x08000487   Thumb Code     0  startup_stm32f40_41xxx.o(.text)
    USART3_IRQHandler                        0x08000487   Thumb Code     0  startup_stm32f40_41xxx.o(.text)
    USART6_IRQHandler                        0x08000487   Thumb Code     0  startup_stm32f40_41xxx.o(.text)
    WWDG_IRQHandler                          0x08000487   Thumb Code     0  startup_stm32f40_41xxx.o(.text)
    NVIC_PriorityGroupConfig                 0x08000491   Thumb Code    10  misc.o(.text)
    NVIC_Init                                0x0800049b   Thumb Code   106  misc.o(.text)
    NVIC_SetVectorTable                      0x08000505   Thumb Code    14  misc.o(.text)
    NVIC_SystemLPConfig                      0x08000513   Thumb Code    34  misc.o(.text)
    SysTick_CLKSourceConfig                  0x08000535   Thumb Code    40  misc.o(.text)
    CAN_DeInit                               0x08000571   Thumb Code    50  stm32f4xx_can.o(.text)
    CAN_Init                                 0x080005a3   Thumb Code   276  stm32f4xx_can.o(.text)
    CAN_FilterInit                           0x080006b7   Thumb Code   258  stm32f4xx_can.o(.text)
    CAN_StructInit                           0x080007b9   Thumb Code    32  stm32f4xx_can.o(.text)
    CAN_SlaveStartBank                       0x080007d9   Thumb Code    48  stm32f4xx_can.o(.text)
    CAN_DBGFreeze                            0x08000809   Thumb Code    22  stm32f4xx_can.o(.text)
    CAN_TTComModeCmd                         0x0800081f   Thumb Code   118  stm32f4xx_can.o(.text)
    CAN_Transmit                             0x08000895   Thumb Code   304  stm32f4xx_can.o(.text)
    CAN_TransmitStatus                       0x080009c5   Thumb Code   138  stm32f4xx_can.o(.text)
    CAN_CancelTransmit                       0x08000a4f   Thumb Code    48  stm32f4xx_can.o(.text)
    CAN_Receive                              0x08000a7f   Thumb Code   240  stm32f4xx_can.o(.text)
    CAN_FIFORelease                          0x08000b6f   Thumb Code    22  stm32f4xx_can.o(.text)
    CAN_MessagePending                       0x08000b85   Thumb Code    30  stm32f4xx_can.o(.text)
    CAN_OperatingModeRequest                 0x08000ba3   Thumb Code   162  stm32f4xx_can.o(.text)
    CAN_Sleep                                0x08000c45   Thumb Code    30  stm32f4xx_can.o(.text)
    CAN_WakeUp                               0x08000c63   Thumb Code    48  stm32f4xx_can.o(.text)
    CAN_GetLastErrorCode                     0x08000c93   Thumb Code    12  stm32f4xx_can.o(.text)
    CAN_GetReceiveErrorCounter               0x08000c9f   Thumb Code    10  stm32f4xx_can.o(.text)
    CAN_GetLSBTransmitErrorCounter           0x08000ca9   Thumb Code    12  stm32f4xx_can.o(.text)
    CAN_ITConfig                             0x08000cb5   Thumb Code    18  stm32f4xx_can.o(.text)
    CAN_GetFlagStatus                        0x08000cc7   Thumb Code   120  stm32f4xx_can.o(.text)
    CAN_ClearFlag                            0x08000d3f   Thumb Code    52  stm32f4xx_can.o(.text)
    CAN_GetITStatus                          0x08000d85   Thumb Code   310  stm32f4xx_can.o(.text)
    CAN_ClearITPendingBit                    0x08000ebb   Thumb Code   162  stm32f4xx_can.o(.text)
    DMA_DeInit                               0x08000f61   Thumb Code   324  stm32f4xx_dma.o(.text)
    DMA_Init                                 0x080010a5   Thumb Code    82  stm32f4xx_dma.o(.text)
    DMA_StructInit                           0x080010f7   Thumb Code    34  stm32f4xx_dma.o(.text)
    DMA_Cmd                                  0x08001119   Thumb Code    22  stm32f4xx_dma.o(.text)
    DMA_PeriphIncOffsetSizeConfig            0x0800112f   Thumb Code    22  stm32f4xx_dma.o(.text)
    DMA_FlowControllerConfig                 0x08001145   Thumb Code    22  stm32f4xx_dma.o(.text)
    DMA_SetCurrDataCounter                   0x0800115b   Thumb Code     4  stm32f4xx_dma.o(.text)
    DMA_GetCurrDataCounter                   0x0800115f   Thumb Code     8  stm32f4xx_dma.o(.text)
    DMA_DoubleBufferModeConfig               0x08001167   Thumb Code    24  stm32f4xx_dma.o(.text)
    DMA_DoubleBufferModeCmd                  0x0800117f   Thumb Code    22  stm32f4xx_dma.o(.text)
    DMA_MemoryTargetConfig                   0x08001195   Thumb Code    10  stm32f4xx_dma.o(.text)
    DMA_GetCurrentMemoryTarget               0x0800119f   Thumb Code    20  stm32f4xx_dma.o(.text)
    DMA_GetCmdStatus                         0x080011b3   Thumb Code    20  stm32f4xx_dma.o(.text)
    DMA_GetFIFOStatus                        0x080011c7   Thumb Code    12  stm32f4xx_dma.o(.text)
    DMA_GetFlagStatus                        0x080011d3   Thumb Code    56  stm32f4xx_dma.o(.text)
    DMA_ClearFlag                            0x0800120b   Thumb Code    40  stm32f4xx_dma.o(.text)
    DMA_ITConfig                             0x08001233   Thumb Code    58  stm32f4xx_dma.o(.text)
    DMA_GetITStatus                          0x0800126d   Thumb Code    84  stm32f4xx_dma.o(.text)
    DMA_ClearITPendingBit                    0x080012c1   Thumb Code    40  stm32f4xx_dma.o(.text)
    GPIO_DeInit                              0x08001309   Thumb Code   268  stm32f4xx_gpio.o(.text)
    GPIO_Init                                0x08001415   Thumb Code   144  stm32f4xx_gpio.o(.text)
    GPIO_StructInit                          0x080014a5   Thumb Code    18  stm32f4xx_gpio.o(.text)
    GPIO_PinLockConfig                       0x080014b7   Thumb Code    34  stm32f4xx_gpio.o(.text)
    GPIO_ReadInputDataBit                    0x080014d9   Thumb Code    18  stm32f4xx_gpio.o(.text)
    GPIO_ReadInputData                       0x080014eb   Thumb Code     8  stm32f4xx_gpio.o(.text)
    GPIO_ReadOutputDataBit                   0x080014f3   Thumb Code    18  stm32f4xx_gpio.o(.text)
    GPIO_ReadOutputData                      0x08001505   Thumb Code     8  stm32f4xx_gpio.o(.text)
    GPIO_SetBits                             0x0800150d   Thumb Code     4  stm32f4xx_gpio.o(.text)
    GPIO_ResetBits                           0x08001511   Thumb Code     4  stm32f4xx_gpio.o(.text)
    GPIO_WriteBit                            0x08001515   Thumb Code    10  stm32f4xx_gpio.o(.text)
    GPIO_Write                               0x0800151f   Thumb Code     4  stm32f4xx_gpio.o(.text)
    GPIO_ToggleBits                          0x08001523   Thumb Code     8  stm32f4xx_gpio.o(.text)
    GPIO_PinAFConfig                         0x0800152b   Thumb Code    70  stm32f4xx_gpio.o(.text)
    RCC_DeInit                               0x0800159d   Thumb Code    82  stm32f4xx_rcc.o(.text)
    RCC_HSEConfig                            0x080015ef   Thumb Code    14  stm32f4xx_rcc.o(.text)
    RCC_GetFlagStatus                        0x080015fd   Thumb Code    60  stm32f4xx_rcc.o(.text)
    RCC_WaitForHSEStartUp                    0x08001639   Thumb Code    56  stm32f4xx_rcc.o(.text)
    RCC_AdjustHSICalibrationValue            0x08001671   Thumb Code    20  stm32f4xx_rcc.o(.text)
    RCC_HSICmd                               0x08001685   Thumb Code     6  stm32f4xx_rcc.o(.text)
    RCC_LSEConfig                            0x0800168b   Thumb Code    46  stm32f4xx_rcc.o(.text)
    RCC_LSICmd                               0x080016b9   Thumb Code     6  stm32f4xx_rcc.o(.text)
    RCC_PLLConfig                            0x080016bf   Thumb Code    32  stm32f4xx_rcc.o(.text)
    RCC_PLLCmd                               0x080016df   Thumb Code     6  stm32f4xx_rcc.o(.text)
    RCC_PLLI2SConfig                         0x080016e5   Thumb Code    14  stm32f4xx_rcc.o(.text)
    RCC_PLLI2SCmd                            0x080016f3   Thumb Code     6  stm32f4xx_rcc.o(.text)
    RCC_PLLSAIConfig                         0x080016f9   Thumb Code    20  stm32f4xx_rcc.o(.text)
    RCC_PLLSAICmd                            0x0800170d   Thumb Code     6  stm32f4xx_rcc.o(.text)
    RCC_ClockSecuritySystemCmd               0x08001713   Thumb Code     6  stm32f4xx_rcc.o(.text)
    RCC_MCO1Config                           0x08001719   Thumb Code    28  stm32f4xx_rcc.o(.text)
    RCC_MCO2Config                           0x08001735   Thumb Code    28  stm32f4xx_rcc.o(.text)
    RCC_SYSCLKConfig                         0x08001751   Thumb Code    20  stm32f4xx_rcc.o(.text)
    RCC_GetSYSCLKSource                      0x08001765   Thumb Code    12  stm32f4xx_rcc.o(.text)
    RCC_HCLKConfig                           0x08001771   Thumb Code    20  stm32f4xx_rcc.o(.text)
    RCC_PCLK1Config                          0x08001785   Thumb Code    20  stm32f4xx_rcc.o(.text)
    RCC_PCLK2Config                          0x08001799   Thumb Code    22  stm32f4xx_rcc.o(.text)
    RCC_GetClocksFreq                        0x080017af   Thumb Code   222  stm32f4xx_rcc.o(.text)
    RCC_RTCCLKConfig                         0x0800188d   Thumb Code    54  stm32f4xx_rcc.o(.text)
    RCC_RTCCLKCmd                            0x080018c3   Thumb Code     8  stm32f4xx_rcc.o(.text)
    RCC_BackupResetCmd                       0x080018cb   Thumb Code     8  stm32f4xx_rcc.o(.text)
    RCC_I2SCLKConfig                         0x080018d3   Thumb Code     6  stm32f4xx_rcc.o(.text)
    RCC_SAIPLLI2SClkDivConfig                0x080018d9   Thumb Code    26  stm32f4xx_rcc.o(.text)
    RCC_SAIPLLSAIClkDivConfig                0x080018f3   Thumb Code    28  stm32f4xx_rcc.o(.text)
    RCC_SAIBlockACLKConfig                   0x0800190f   Thumb Code    20  stm32f4xx_rcc.o(.text)
    RCC_SAIBlockBCLKConfig                   0x08001923   Thumb Code    20  stm32f4xx_rcc.o(.text)
    RCC_LTDCCLKDivConfig                     0x08001937   Thumb Code    20  stm32f4xx_rcc.o(.text)
    RCC_TIMCLKPresConfig                     0x0800194b   Thumb Code     6  stm32f4xx_rcc.o(.text)
    RCC_AHB1PeriphClockCmd                   0x08001951   Thumb Code    34  stm32f4xx_rcc.o(.text)
    RCC_AHB2PeriphClockCmd                   0x08001973   Thumb Code    78  stm32f4xx_rcc.o(.text)
    RCC_AHB3PeriphClockCmd                   0x080019c1   Thumb Code    34  stm32f4xx_rcc.o(.text)
    RCC_APB1PeriphClockCmd                   0x080019e3   Thumb Code    34  stm32f4xx_rcc.o(.text)
    RCC_APB2PeriphClockCmd                   0x08001a05   Thumb Code    34  stm32f4xx_rcc.o(.text)
    RCC_AHB1PeriphResetCmd                   0x08001a27   Thumb Code    34  stm32f4xx_rcc.o(.text)
    RCC_AHB2PeriphResetCmd                   0x08001a49   Thumb Code    34  stm32f4xx_rcc.o(.text)
    RCC_AHB3PeriphResetCmd                   0x08001a6b   Thumb Code    34  stm32f4xx_rcc.o(.text)
    RCC_APB1PeriphResetCmd                   0x08001a8d   Thumb Code    34  stm32f4xx_rcc.o(.text)
    RCC_APB2PeriphResetCmd                   0x08001aaf   Thumb Code    34  stm32f4xx_rcc.o(.text)
    RCC_AHB1PeriphClockLPModeCmd             0x08001ad1   Thumb Code    34  stm32f4xx_rcc.o(.text)
    RCC_AHB2PeriphClockLPModeCmd             0x08001af3   Thumb Code    34  stm32f4xx_rcc.o(.text)
    RCC_AHB3PeriphClockLPModeCmd             0x08001b15   Thumb Code    34  stm32f4xx_rcc.o(.text)
    RCC_APB1PeriphClockLPModeCmd             0x08001b37   Thumb Code    34  stm32f4xx_rcc.o(.text)
    RCC_APB2PeriphClockLPModeCmd             0x08001b59   Thumb Code    34  stm32f4xx_rcc.o(.text)
    RCC_LSEModeConfig                        0x08001b7b   Thumb Code    40  stm32f4xx_rcc.o(.text)
    RCC_ITConfig                             0x08001ba3   Thumb Code    34  stm32f4xx_rcc.o(.text)
    RCC_ClearFlag                            0x08001bc5   Thumb Code    18  stm32f4xx_rcc.o(.text)
    RCC_GetITStatus                          0x08001bd7   Thumb Code    22  stm32f4xx_rcc.o(.text)
    RCC_ClearITPendingBit                    0x08001bed   Thumb Code     8  stm32f4xx_rcc.o(.text)
    TIM_DeInit                               0x08001bf9   Thumb Code   346  stm32f4xx_tim.o(.text)
    TIM_TimeBaseInit                         0x08001d53   Thumb Code   104  stm32f4xx_tim.o(.text)
    TIM_TimeBaseStructInit                   0x08001dbb   Thumb Code    18  stm32f4xx_tim.o(.text)
    TIM_PrescalerConfig                      0x08001dcd   Thumb Code     6  stm32f4xx_tim.o(.text)
    TIM_CounterModeConfig                    0x08001dd3   Thumb Code    18  stm32f4xx_tim.o(.text)
    TIM_SetCounter                           0x08001de5   Thumb Code     4  stm32f4xx_tim.o(.text)
    TIM_SetAutoreload                        0x08001de9   Thumb Code     4  stm32f4xx_tim.o(.text)
    TIM_GetCounter                           0x08001ded   Thumb Code     6  stm32f4xx_tim.o(.text)
    TIM_GetPrescaler                         0x08001df3   Thumb Code     6  stm32f4xx_tim.o(.text)
    TIM_UpdateDisableConfig                  0x08001df9   Thumb Code    24  stm32f4xx_tim.o(.text)
    TIM_UpdateRequestConfig                  0x08001e11   Thumb Code    24  stm32f4xx_tim.o(.text)
    TIM_ARRPreloadConfig                     0x08001e29   Thumb Code    24  stm32f4xx_tim.o(.text)
    TIM_SelectOnePulseMode                   0x08001e41   Thumb Code    18  stm32f4xx_tim.o(.text)
    TIM_SetClockDivision                     0x08001e53   Thumb Code    18  stm32f4xx_tim.o(.text)
    TIM_Cmd                                  0x08001e65   Thumb Code    24  stm32f4xx_tim.o(.text)
    TIM_OC1Init                              0x08001e7d   Thumb Code   114  stm32f4xx_tim.o(.text)
    TIM_OC2Init                              0x08001eef   Thumb Code   154  stm32f4xx_tim.o(.text)
    TIM_OC3Init                              0x08001f89   Thumb Code   204  stm32f4xx_tim.o(.text)
    TIM_OC4Init                              0x08002055   Thumb Code   112  stm32f4xx_tim.o(.text)
    TIM_OCStructInit                         0x080020c5   Thumb Code    20  stm32f4xx_tim.o(.text)
    TIM_SelectOCxM                           0x080020d9   Thumb Code    86  stm32f4xx_tim.o(.text)
    TIM_SetCompare1                          0x0800212f   Thumb Code     4  stm32f4xx_tim.o(.text)
    TIM_SetCompare2                          0x08002133   Thumb Code     4  stm32f4xx_tim.o(.text)
    TIM_SetCompare3                          0x08002137   Thumb Code     4  stm32f4xx_tim.o(.text)
    TIM_SetCompare4                          0x0800213b   Thumb Code     4  stm32f4xx_tim.o(.text)
    TIM_ForcedOC1Config                      0x0800213f   Thumb Code    18  stm32f4xx_tim.o(.text)
    TIM_ForcedOC2Config                      0x08002151   Thumb Code    26  stm32f4xx_tim.o(.text)
    TIM_ForcedOC3Config                      0x0800216b   Thumb Code    18  stm32f4xx_tim.o(.text)
    TIM_ForcedOC4Config                      0x0800217d   Thumb Code    26  stm32f4xx_tim.o(.text)
    TIM_OC1PreloadConfig                     0x08002197   Thumb Code    18  stm32f4xx_tim.o(.text)
    TIM_OC2PreloadConfig                     0x080021a9   Thumb Code    26  stm32f4xx_tim.o(.text)
    TIM_OC3PreloadConfig                     0x080021c3   Thumb Code    18  stm32f4xx_tim.o(.text)
    TIM_OC4PreloadConfig                     0x080021d5   Thumb Code    26  stm32f4xx_tim.o(.text)
    TIM_OC1FastConfig                        0x080021ef   Thumb Code    18  stm32f4xx_tim.o(.text)
    TIM_OC2FastConfig                        0x08002201   Thumb Code    26  stm32f4xx_tim.o(.text)
    TIM_OC3FastConfig                        0x0800221b   Thumb Code    18  stm32f4xx_tim.o(.text)
    TIM_OC4FastConfig                        0x0800222d   Thumb Code    26  stm32f4xx_tim.o(.text)
    TIM_ClearOC1Ref                          0x08002247   Thumb Code    18  stm32f4xx_tim.o(.text)
    TIM_ClearOC2Ref                          0x08002259   Thumb Code    24  stm32f4xx_tim.o(.text)
    TIM_ClearOC3Ref                          0x08002271   Thumb Code    18  stm32f4xx_tim.o(.text)
    TIM_ClearOC4Ref                          0x08002283   Thumb Code    24  stm32f4xx_tim.o(.text)
    TIM_OC1PolarityConfig                    0x0800229b   Thumb Code    18  stm32f4xx_tim.o(.text)
    TIM_OC1NPolarityConfig                   0x080022ad   Thumb Code    18  stm32f4xx_tim.o(.text)
    TIM_OC2PolarityConfig                    0x080022bf   Thumb Code    26  stm32f4xx_tim.o(.text)
    TIM_OC2NPolarityConfig                   0x080022d9   Thumb Code    26  stm32f4xx_tim.o(.text)
    TIM_OC3PolarityConfig                    0x080022f3   Thumb Code    26  stm32f4xx_tim.o(.text)
    TIM_OC3NPolarityConfig                   0x0800230d   Thumb Code    26  stm32f4xx_tim.o(.text)
    TIM_OC4PolarityConfig                    0x08002327   Thumb Code    26  stm32f4xx_tim.o(.text)
    TIM_CCxCmd                               0x08002341   Thumb Code    30  stm32f4xx_tim.o(.text)
    TIM_CCxNCmd                              0x0800235f   Thumb Code    30  stm32f4xx_tim.o(.text)
    TIM_SetIC4Prescaler                      0x0800237d   Thumb Code    26  stm32f4xx_tim.o(.text)
    TIM_SetIC3Prescaler                      0x080023e7   Thumb Code    18  stm32f4xx_tim.o(.text)
    TIM_SetIC2Prescaler                      0x08002441   Thumb Code    26  stm32f4xx_tim.o(.text)
    TIM_SetIC1Prescaler                      0x080024b5   Thumb Code    18  stm32f4xx_tim.o(.text)
    TIM_ICInit                               0x08002501   Thumb Code   110  stm32f4xx_tim.o(.text)
    TIM_ICStructInit                         0x0800256f   Thumb Code    18  stm32f4xx_tim.o(.text)
    TIM_PWMIConfig                           0x08002581   Thumb Code   124  stm32f4xx_tim.o(.text)
    TIM_GetCapture1                          0x080025fd   Thumb Code     6  stm32f4xx_tim.o(.text)
    TIM_GetCapture2                          0x08002603   Thumb Code     6  stm32f4xx_tim.o(.text)
    TIM_GetCapture3                          0x08002609   Thumb Code     6  stm32f4xx_tim.o(.text)
    TIM_GetCapture4                          0x0800260f   Thumb Code     6  stm32f4xx_tim.o(.text)
    TIM_BDTRConfig                           0x08002615   Thumb Code    32  stm32f4xx_tim.o(.text)
    TIM_BDTRStructInit                       0x08002635   Thumb Code    18  stm32f4xx_tim.o(.text)
    TIM_CtrlPWMOutputs                       0x08002647   Thumb Code    30  stm32f4xx_tim.o(.text)
    TIM_SelectCOM                            0x08002665   Thumb Code    24  stm32f4xx_tim.o(.text)
    TIM_CCPreloadControl                     0x0800267d   Thumb Code    24  stm32f4xx_tim.o(.text)
    TIM_ITConfig                             0x08002695   Thumb Code    18  stm32f4xx_tim.o(.text)
    TIM_GenerateEvent                        0x080026a7   Thumb Code     4  stm32f4xx_tim.o(.text)
    TIM_GetFlagStatus                        0x080026ab   Thumb Code    18  stm32f4xx_tim.o(.text)
    TIM_ClearFlag                            0x080026bd   Thumb Code     6  stm32f4xx_tim.o(.text)
    TIM_GetITStatus                          0x080026c3   Thumb Code    34  stm32f4xx_tim.o(.text)
    TIM_ClearITPendingBit                    0x080026e5   Thumb Code     6  stm32f4xx_tim.o(.text)
    TIM_DMAConfig                            0x080026eb   Thumb Code    10  stm32f4xx_tim.o(.text)
    TIM_DMACmd                               0x080026f5   Thumb Code    18  stm32f4xx_tim.o(.text)
    TIM_SelectCCDMA                          0x08002707   Thumb Code    24  stm32f4xx_tim.o(.text)
    TIM_InternalClockConfig                  0x0800271f   Thumb Code    12  stm32f4xx_tim.o(.text)
    TIM_SelectInputTrigger                   0x0800272b   Thumb Code    18  stm32f4xx_tim.o(.text)
    TIM_ITRxExternalClockConfig              0x0800273d   Thumb Code    24  stm32f4xx_tim.o(.text)
    TIM_TIxExternalClockConfig               0x08002755   Thumb Code    62  stm32f4xx_tim.o(.text)
    TIM_ETRConfig                            0x08002793   Thumb Code    28  stm32f4xx_tim.o(.text)
    TIM_ETRClockMode1Config                  0x080027af   Thumb Code    54  stm32f4xx_tim.o(.text)
    TIM_ETRClockMode2Config                  0x080027e5   Thumb Code    32  stm32f4xx_tim.o(.text)
    TIM_SelectOutputTrigger                  0x08002805   Thumb Code    18  stm32f4xx_tim.o(.text)
    TIM_SelectSlaveMode                      0x08002817   Thumb Code    18  stm32f4xx_tim.o(.text)
    TIM_SelectMasterSlaveMode                0x08002829   Thumb Code    18  stm32f4xx_tim.o(.text)
    TIM_EncoderInterfaceConfig               0x0800283b   Thumb Code    66  stm32f4xx_tim.o(.text)
    TIM_SelectHallSensor                     0x0800287d   Thumb Code    24  stm32f4xx_tim.o(.text)
    TIM_RemapConfig                          0x08002895   Thumb Code     6  stm32f4xx_tim.o(.text)
    USART_DeInit                             0x0800289d   Thumb Code   206  stm32f4xx_usart.o(.text)
    USART_Init                               0x0800296b   Thumb Code   204  stm32f4xx_usart.o(.text)
    USART_StructInit                         0x08002a37   Thumb Code    24  stm32f4xx_usart.o(.text)
    USART_ClockInit                          0x08002a4f   Thumb Code    32  stm32f4xx_usart.o(.text)
    USART_ClockStructInit                    0x08002a6f   Thumb Code    12  stm32f4xx_usart.o(.text)
    USART_Cmd                                0x08002a7b   Thumb Code    24  stm32f4xx_usart.o(.text)
    USART_SetPrescaler                       0x08002a93   Thumb Code    16  stm32f4xx_usart.o(.text)
    USART_OverSampling8Cmd                   0x08002aa3   Thumb Code    22  stm32f4xx_usart.o(.text)
    USART_OneBitMethodCmd                    0x08002ab9   Thumb Code    24  stm32f4xx_usart.o(.text)
    USART_SendData                           0x08002ad1   Thumb Code     8  stm32f4xx_usart.o(.text)
    USART_ReceiveData                        0x08002ad9   Thumb Code    10  stm32f4xx_usart.o(.text)
    USART_SetAddress                         0x08002ae3   Thumb Code    18  stm32f4xx_usart.o(.text)
    USART_ReceiverWakeUpCmd                  0x08002af5   Thumb Code    24  stm32f4xx_usart.o(.text)
    USART_WakeUpConfig                       0x08002b0d   Thumb Code    18  stm32f4xx_usart.o(.text)
    USART_LINBreakDetectLengthConfig         0x08002b1f   Thumb Code    18  stm32f4xx_usart.o(.text)
    USART_LINCmd                             0x08002b31   Thumb Code    24  stm32f4xx_usart.o(.text)
    USART_SendBreak                          0x08002b49   Thumb Code    10  stm32f4xx_usart.o(.text)
    USART_HalfDuplexCmd                      0x08002b53   Thumb Code    24  stm32f4xx_usart.o(.text)
    USART_SetGuardTime                       0x08002b6b   Thumb Code    16  stm32f4xx_usart.o(.text)
    USART_SmartCardCmd                       0x08002b7b   Thumb Code    24  stm32f4xx_usart.o(.text)
    USART_SmartCardNACKCmd                   0x08002b93   Thumb Code    24  stm32f4xx_usart.o(.text)
    USART_IrDAConfig                         0x08002bab   Thumb Code    18  stm32f4xx_usart.o(.text)
    USART_IrDACmd                            0x08002bbd   Thumb Code    24  stm32f4xx_usart.o(.text)
    USART_DMACmd                             0x08002bd5   Thumb Code    18  stm32f4xx_usart.o(.text)
    USART_ITConfig                           0x08002be7   Thumb Code    74  stm32f4xx_usart.o(.text)
    USART_GetFlagStatus                      0x08002c31   Thumb Code    26  stm32f4xx_usart.o(.text)
    USART_ClearFlag                          0x08002c4b   Thumb Code    18  stm32f4xx_usart.o(.text)
    USART_GetITStatus                        0x08002c5d   Thumb Code   118  stm32f4xx_usart.o(.text)
    USART_ClearITPendingBit                  0x08002cd3   Thumb Code    30  stm32f4xx_usart.o(.text)
    delay_init                               0x08002cf1   Thumb Code    52  delay.o(.text)
    delay_us                                 0x08002d25   Thumb Code    72  delay.o(.text)
    delay_xms                                0x08002d6d   Thumb Code    72  delay.o(.text)
    delay_ms                                 0x08002db5   Thumb Code    56  delay.o(.text)
    CAN1_Mode_Init                           0x08002df5   Thumb Code   266  can.o(.text)
    CAN1_RX0_IRQHandler                      0x08002eff   Thumb Code   222  can.o(.text)
    CAN1_Send_Msg                            0x08002fdd   Thumb Code   106  can.o(.text)
    CAN1_Send_PZT_Msg                        0x08003047   Thumb Code   112  can.o(.text)
    CAN1_Receive_Msg                         0x080030b7   Thumb Code    84  can.o(.text)
    PID_Init                                 0x0800311d   Thumb Code    48  pzt_motor.o(.text)
    PZT_Init                                 0x0800314d   Thumb Code   176  pzt_motor.o(.text)
    PID_realize_incremental                  0x080031fd   Thumb Code   122  pzt_motor.o(.text)
    PZT_data_Process                         0x08003277   Thumb Code   112  pzt_motor.o(.text)
    PZT_data_Process_                        0x080032e7   Thumb Code   110  pzt_motor.o(.text)
    TIM8_TRG_COM_TIM14_IRQHandler            0x08003355   Thumb Code  1842  pzt_motor.o(.text)
    Remote_uart2_init                        0x08003aa5   Thumb Code   266  remote.o(.text)
    DMA1_Stream5_IRQHandler                  0x08003baf   Thumb Code   244  remote.o(.text)
    MPU_Read_Len                             0x08003cc5   Thumb Code   116  mpu6050.o(.text)
    MPU_Get_Gyroscope_                       0x08003d39   Thumb Code    58  mpu6050.o(.text)
    read_Gyrodate                            0x08003d73   Thumb Code   176  mpu6050.o(.text)
    MPU_Write_Byte                           0x08003e23   Thumb Code    68  mpu6050.o(.text)
    MPU_Set_LPF                              0x08003e67   Thumb Code    58  mpu6050.o(.text)
    MPU_Set_Rate                             0x08003ea1   Thumb Code    58  mpu6050.o(.text)
    MPU_Read_Byte                            0x08003edb   Thumb Code    58  mpu6050.o(.text)
    MPU_Set_Accel_Fsr                        0x08003f15   Thumb Code    16  mpu6050.o(.text)
    MPU_Set_Gyro_Fsr                         0x08003f25   Thumb Code    16  mpu6050.o(.text)
    MPU_Init                                 0x08003f35   Thumb Code   126  mpu6050.o(.text)
    MPU_Get_Temperature                      0x08003fb3   Thumb Code   110  mpu6050.o(.text)
    MPU_Get_Gyroscope                        0x08004021   Thumb Code    80  mpu6050.o(.text)
    MPU_Get_Accelerometer                    0x08004071   Thumb Code    80  mpu6050.o(.text)
    MPU_Write_Len                            0x080040c1   Thumb Code    96  mpu6050.o(.text)
    IIC_Init                                 0x08004151   Thumb Code    60  myiic.o(.text)
    IIC_Start                                0x0800418d   Thumb Code    68  myiic.o(.text)
    IIC_Stop                                 0x080041d1   Thumb Code    62  myiic.o(.text)
    IIC_Wait_Ack                             0x0800420f   Thumb Code    82  myiic.o(.text)
    IIC_Ack                                  0x08004261   Thumb Code    66  myiic.o(.text)
    IIC_NAck                                 0x080042a3   Thumb Code    66  myiic.o(.text)
    IIC_Send_Byte                            0x080042e5   Thumb Code    90  myiic.o(.text)
    IIC_Read_Byte                            0x0800433f   Thumb Code    94  myiic.o(.text)
    PID_Init_cm                              0x080043a9   Thumb Code    30  chassis_motor.o(.text)
    CM_Init                                  0x080043c7   Thumb Code   180  chassis_motor.o(.text)
    mecanum_Resolving                        0x0800447b   Thumb Code    82  chassis_motor.o(.text)
    PID_realize_positiontype                 0x080044cd   Thumb Code    96  chassis_motor.o(.text)
    TIM8_UP_TIM13_IRQHandler                 0x0800452d   Thumb Code   798  chassis_motor.o(.text)
    mpu_reg_dump                             0x080048db   Thumb Code    84  inv_mpu.o(.text)
    mpu_read_reg                             0x0800492f   Thumb Code    66  inv_mpu.o(.text)
    mpu_set_int_latched                      0x08004971   Thumb Code   102  inv_mpu.o(.text)
    mpu_set_sensors                          0x080049d7   Thumb Code   202  inv_mpu.o(.text)
    mpu_set_bypass                           0x08004aa1   Thumb Code   328  inv_mpu.o(.text)
    mpu_reset_fifo                           0x08004be9   Thumb Code   472  inv_mpu.o(.text)
    mpu_configure_fifo                       0x08004dc1   Thumb Code   106  inv_mpu.o(.text)
    mpu_set_lpf                              0x08004e2b   Thumb Code   126  inv_mpu.o(.text)
    mpu_lp_accel_mode                        0x08004ea9   Thumb Code   218  inv_mpu.o(.text)
    mpu_set_sample_rate                      0x08004f83   Thumb Code   152  inv_mpu.o(.text)
    mpu_set_accel_fsr                        0x0800501b   Thumb Code   132  inv_mpu.o(.text)
    mpu_set_gyro_fsr                         0x0800509f   Thumb Code   132  inv_mpu.o(.text)
    mpu_init                                 0x08005123   Thumb Code   416  inv_mpu.o(.text)
    mget_ms                                  0x080052c3   Thumb Code     2  inv_mpu.o(.text)
    mpu_get_gyro_reg                         0x080052c5   Thumb Code   110  inv_mpu.o(.text)
    mpu_get_accel_reg                        0x08005333   Thumb Code   110  inv_mpu.o(.text)
    mpu_get_temperature                      0x080053a1   Thumb Code   142  inv_mpu.o(.text)
    mpu_set_accel_bias                       0x0800542f   Thumb Code   472  inv_mpu.o(.text)
    mpu_get_gyro_fsr                         0x08005607   Thumb Code    64  inv_mpu.o(.text)
    mpu_get_accel_fsr                        0x08005647   Thumb Code    72  inv_mpu.o(.text)
    mpu_get_lpf                              0x0800568f   Thumb Code    74  inv_mpu.o(.text)
    mpu_get_sample_rate                      0x080056d9   Thumb Code    26  inv_mpu.o(.text)
    mpu_get_compass_sample_rate              0x080056f3   Thumb Code    10  inv_mpu.o(.text)
    mpu_set_compass_sample_rate              0x080056fd   Thumb Code     8  inv_mpu.o(.text)
    mpu_get_gyro_sens                        0x08005705   Thumb Code    74  inv_mpu.o(.text)
    mpu_get_accel_sens                       0x0800574f   Thumb Code    78  inv_mpu.o(.text)
    mpu_get_fifo_config                      0x0800579d   Thumb Code    12  inv_mpu.o(.text)
    mpu_get_power_state                      0x080057a9   Thumb Code    22  inv_mpu.o(.text)
    mpu_get_int_status                       0x080057bf   Thumb Code    64  inv_mpu.o(.text)
    mpu_read_fifo                            0x080057ff   Thumb Code   520  inv_mpu.o(.text)
    mpu_read_fifo_stream                     0x08005a07   Thumb Code   186  inv_mpu.o(.text)
    mpu_set_int_level                        0x08005ac1   Thumb Code    12  inv_mpu.o(.text)
    mpu_set_dmp_state                        0x080061d1   Thumb Code   138  inv_mpu.o(.text)
    mpu_run_self_test                        0x0800625b   Thumb Code   278  inv_mpu.o(.text)
    mpu_write_mem                            0x08006371   Thumb Code   122  inv_mpu.o(.text)
    mpu_read_mem                             0x080063eb   Thumb Code   122  inv_mpu.o(.text)
    mpu_load_firmware                        0x08006465   Thumb Code   190  inv_mpu.o(.text)
    mpu_get_dmp_state                        0x08006523   Thumb Code    14  inv_mpu.o(.text)
    setup_compass                            0x08006531   Thumb Code     6  inv_mpu.o(.text)
    mpu_get_compass_reg                      0x08006537   Thumb Code     8  inv_mpu.o(.text)
    mpu_get_compass_fsr                      0x0800653f   Thumb Code     8  inv_mpu.o(.text)
    mpu_lp_motion_interrupt                  0x08006547   Thumb Code   512  inv_mpu.o(.text)
    run_self_test                            0x08006747   Thumb Code   154  inv_mpu.o(.text)
    inv_row_2_scale                          0x080067e1   Thumb Code    78  inv_mpu.o(.text)
    inv_orientation_matrix_to_scalar         0x0800682f   Thumb Code    40  inv_mpu.o(.text)
    mpu_dmp_init                             0x08006857   Thumb Code   146  inv_mpu.o(.text)
    mpu_dmp_get_data                         0x080068e9   Thumb Code   520  inv_mpu.o(.text)
    dmp_load_motion_driver_firmware          0x08006b01   Thumb Code    20  inv_mpu_dmp_motion_driver.o(.text)
    dmp_set_orientation                      0x08006b15   Thumb Code   290  inv_mpu_dmp_motion_driver.o(.text)
    dmp_set_gyro_bias                        0x08006c37   Thumb Code   294  inv_mpu_dmp_motion_driver.o(.text)
    dmp_set_accel_bias                       0x08006d5d   Thumb Code   300  inv_mpu_dmp_motion_driver.o(.text)
    dmp_set_fifo_rate                        0x08006e89   Thumb Code   136  inv_mpu_dmp_motion_driver.o(.text)
    dmp_get_fifo_rate                        0x08006f11   Thumb Code    12  inv_mpu_dmp_motion_driver.o(.text)
    dmp_set_tap_thresh                       0x08006f1d   Thumb Code   412  inv_mpu_dmp_motion_driver.o(.text)
    dmp_set_tap_axes                         0x080070b9   Thumb Code    70  inv_mpu_dmp_motion_driver.o(.text)
    dmp_set_tap_count                        0x080070ff   Thumb Code    38  inv_mpu_dmp_motion_driver.o(.text)
    dmp_set_tap_time                         0x08007125   Thumb Code    38  inv_mpu_dmp_motion_driver.o(.text)
    dmp_set_tap_time_multi                   0x0800714b   Thumb Code    38  inv_mpu_dmp_motion_driver.o(.text)
    dmp_set_shake_reject_thresh              0x08007171   Thumb Code    56  inv_mpu_dmp_motion_driver.o(.text)
    dmp_set_shake_reject_time                0x080071a9   Thumb Code    38  inv_mpu_dmp_motion_driver.o(.text)
    dmp_set_shake_reject_timeout             0x080071cf   Thumb Code    38  inv_mpu_dmp_motion_driver.o(.text)
    dmp_get_pedometer_step_count             0x080071f5   Thumb Code    66  inv_mpu_dmp_motion_driver.o(.text)
    dmp_set_pedometer_step_count             0x08007237   Thumb Code    42  inv_mpu_dmp_motion_driver.o(.text)
    dmp_get_pedometer_walk_time              0x08007261   Thumb Code    72  inv_mpu_dmp_motion_driver.o(.text)
    dmp_set_pedometer_walk_time              0x080072a9   Thumb Code    48  inv_mpu_dmp_motion_driver.o(.text)
    dmp_enable_6x_lp_quat                    0x080072d9   Thumb Code   100  inv_mpu_dmp_motion_driver.o(.text)
    dmp_enable_lp_quat                       0x0800733d   Thumb Code    60  inv_mpu_dmp_motion_driver.o(.text)
    dmp_enable_gyro_cal                      0x08007379   Thumb Code    62  inv_mpu_dmp_motion_driver.o(.text)
    dmp_enable_feature                       0x080073b7   Thumb Code   530  inv_mpu_dmp_motion_driver.o(.text)
    dmp_get_enabled_features                 0x080075c9   Thumb Code    12  inv_mpu_dmp_motion_driver.o(.text)
    dmp_set_interrupt_mode                   0x08007633   Thumb Code    66  inv_mpu_dmp_motion_driver.o(.text)
    dmp_read_fifo                            0x08007675   Thumb Code   514  inv_mpu_dmp_motion_driver.o(.text)
    dmp_register_tap_cb                      0x08007877   Thumb Code    10  inv_mpu_dmp_motion_driver.o(.text)
    dmp_register_android_orient_cb           0x08007881   Thumb Code    10  inv_mpu_dmp_motion_driver.o(.text)
    __aeabi_ldivmod                          0x08007891   Thumb Code    98  ldiv.o(.text)
    __aeabi_memset                           0x080078f3   Thumb Code    14  memseta.o(.text)
    __aeabi_memset4                          0x080078f3   Thumb Code     0  memseta.o(.text)
    __aeabi_memset8                          0x080078f3   Thumb Code     0  memseta.o(.text)
    __aeabi_memclr                           0x08007901   Thumb Code     4  memseta.o(.text)
    __aeabi_memclr4                          0x08007901   Thumb Code     0  memseta.o(.text)
    __aeabi_memclr8                          0x08007901   Thumb Code     0  memseta.o(.text)
    _memset$wrapper                          0x08007905   Thumb Code    18  memseta.o(.text)
    memcmp                                   0x08007917   Thumb Code    26  memcmp.o(.text)
    __aeabi_dadd                             0x08007931   Thumb Code   322  dadd.o(.text)
    __aeabi_dsub                             0x08007a73   Thumb Code     6  dadd.o(.text)
    __aeabi_drsub                            0x08007a79   Thumb Code     6  dadd.o(.text)
    __aeabi_dmul                             0x08007a7f   Thumb Code   228  dmul.o(.text)
    __aeabi_ddiv                             0x08007b63   Thumb Code   222  ddiv.o(.text)
    __aeabi_i2d                              0x08007c41   Thumb Code    34  dflti.o(.text)
    __aeabi_f2d                              0x08007c63   Thumb Code    38  f2d.o(.text)
    __aeabi_d2f                              0x08007c89   Thumb Code    56  d2f.o(.text)
    __aeabi_uldivmod                         0x08007cc1   Thumb Code    98  uldiv.o(.text)
    __aeabi_llsl                             0x08007d23   Thumb Code    30  llshl.o(.text)
    _ll_shift_l                              0x08007d23   Thumb Code     0  llshl.o(.text)
    __aeabi_lasr                             0x08007d41   Thumb Code    36  llsshr.o(.text)
    _ll_sshift_r                             0x08007d41   Thumb Code     0  llsshr.o(.text)
    __I$use$fp                               0x08007d65   Thumb Code     0  iusefp.o(.text)
    _float_round                             0x08007d65   Thumb Code    18  fepilogue.o(.text)
    _float_epilogue                          0x08007d77   Thumb Code    92  fepilogue.o(.text)
    _double_round                            0x08007dd3   Thumb Code    30  depilogue.o(.text)
    _double_epilogue                         0x08007df1   Thumb Code   156  depilogue.o(.text)
    __scatterload                            0x08007e8d   Thumb Code    28  init.o(.text)
    __scatterload_rt2                        0x08007e8d   Thumb Code     0  init.o(.text)
    __aeabi_llsr                             0x08007eb1   Thumb Code    32  llushr.o(.text)
    __semihosting_library_function           0x08007eb1   Thumb Code     0  semi.o(.text)
    _ll_ushift_r                             0x08007eb1   Thumb Code     0  llushr.o(.text)
    __I$use$semihosting$fputc                0x08007ed1   Thumb Code     0  iusesemip.o(.text)
    _dsqrt                                   0x08007ed1   Thumb Code   162  dsqrt.o(.text)
    __0printf$8                              0x08007f75   Thumb Code    22  printf8.o(i.__0printf$8)
    __1printf$8                              0x08007f75   Thumb Code     0  printf8.o(i.__0printf$8)
    __2printf                                0x08007f75   Thumb Code     0  printf8.o(i.__0printf$8)
    __ARM_fpclassify                         0x08007f95   Thumb Code    48  fpclassify.o(i.__ARM_fpclassify)
    __hardfp_asin                            0x08007fc9   Thumb Code   770  asin.o(i.__hardfp_asin)
    __hardfp_atan                            0x08008329   Thumb Code   622  atan.o(i.__hardfp_atan)
    __hardfp_atan2                           0x08008601   Thumb Code   432  atan2.o(i.__hardfp_atan2)
    __kernel_poly                            0x080087f1   Thumb Code   248  poly.o(i.__kernel_poly)
    __mathlib_dbl_infnan                     0x080088e9   Thumb Code    20  dunder.o(i.__mathlib_dbl_infnan)
    __mathlib_dbl_infnan2                    0x080088fd   Thumb Code    20  dunder.o(i.__mathlib_dbl_infnan2)
    __mathlib_dbl_invalid                    0x08008911   Thumb Code    24  dunder.o(i.__mathlib_dbl_invalid)
    __mathlib_dbl_underflow                  0x08008931   Thumb Code    24  dunder.o(i.__mathlib_dbl_underflow)
    __scatterload_copy                       0x08008951   Thumb Code    14  handlers.o(i.__scatterload_copy)
    __scatterload_null                       0x0800895f   Thumb Code     2  handlers.o(i.__scatterload_null)
    __scatterload_zeroinit                   0x08008961   Thumb Code    14  handlers.o(i.__scatterload_zeroinit)
    __set_errno                              0x08008971   Thumb Code     6  errno.o(i.__set_errno)
    atan                                     0x08008ddf   Thumb Code    16  atan.o(i.atan)
    fabs                                     0x08008def   Thumb Code    24  fabs.o(i.fabs)
    fputc                                    0x08008e07   Thumb Code    18  fputc.o(i.fputc)
    sqrt                                     0x08008e19   Thumb Code   110  sqrt.o(i.sqrt)
    reg                                      0x08008e88   Data          27  inv_mpu.o(.constdata)
    hw                                       0x08008ea4   Data          12  inv_mpu.o(.constdata)
    test                                     0x08008eb0   Data          40  inv_mpu.o(.constdata)
    __mathlib_zero                           0x08009bb8   Data           8  qnan.o(.constdata)
    Region$$Table$$Base                      0x08009c10   Number         0  anon$$obj.o(Region$$Table)
    Region$$Table$$Limit                     0x08009c30   Number         0  anon$$obj.o(Region$$Table)
    s                                        0x20000000   Data           1  main.o(.data)
    SystemCoreClock                          0x20000004   Data           4  system_stm32f4xx.o(.data)
    AHBPrescTable                            0x20000008   Data          16  system_stm32f4xx.o(.data)
    a                                        0x2000002c   Data           4  pzt_motor.o(.data)
    Yaw_PID_out                              0x20000030   Data           2  pzt_motor.o(.data)
    Pitch_PID_out                            0x20000032   Data           2  pzt_motor.o(.data)
    Yaw_remote                               0x20000034   Data           4  pzt_motor.o(.data)
    Pitch_remote                             0x20000038   Data           4  pzt_motor.o(.data)
    Init                                     0x2000003c   Data           1  pzt_motor.o(.data)
    roll                                     0x20000040   Data           4  pzt_motor.o(.data)
    pitch                                    0x20000044   Data           4  pzt_motor.o(.data)
    Can_buf_S                                0x20000048   Data           8  pzt_motor.o(.data)
    flag                                     0x20000050   Data           1  pzt_motor.o(.data)
    Gyro_z                                   0x20000054   Data           4  mpu6050.o(.data)
    Gyro_y                                   0x20000058   Data           4  mpu6050.o(.data)
    y_compensate                             0x2000005c   Data           2  mpu6050.o(.data)
    z_compensate                             0x2000005e   Data           2  mpu6050.o(.data)
    CM_Real_Speed                            0x20000060   Data           8  chassis_motor.o(.data)
    __stdout                                 0x200000a0   Data           4  stdout.o(.data)
    Can_buf_R                                0x200000a8   Data          48  can.o(.bss)
    Yaw_PID_inloop                           0x200000d8   Data          40  pzt_motor.o(.bss)
    Pitch_PID_inloop                         0x20000100   Data          40  pzt_motor.o(.bss)
    Yaw_PID_outloop                          0x20000128   Data          40  pzt_motor.o(.bss)
    Pitch_PID_outloop                        0x20000150   Data          40  pzt_motor.o(.bss)
    Yaw_state                                0x20000178   Data          24  pzt_motor.o(.bss)
    Pitch_state                              0x20000190   Data          24  pzt_motor.o(.bss)
    Yaw_state_                               0x200001a8   Data          36  pzt_motor.o(.bss)
    RXBuff                                   0x200001cc   Data          18  remote.o(.bss)
    rc                                       0x200001de   Data          20  remote.o(.bss)
    zy                                       0x200001f4   Data         328  mpu6050.o(.bss)
    CM1_PID                                  0x2000033c   Data          40  chassis_motor.o(.bss)
    CM2_PID                                  0x20000364   Data          40  chassis_motor.o(.bss)
    CM3_PID                                  0x2000038c   Data          40  chassis_motor.o(.bss)
    CM4_PID                                  0x200003b4   Data          40  chassis_motor.o(.bss)
    SPIN_PID                                 0x200003dc   Data          40  chassis_motor.o(.bss)
    __initial_sp                             0x20000818   Data           0  startup_stm32f40_41xxx.o(STACK)



==============================================================================

Memory Map of the image

  Image Entry point : 0x08000189

  Load Region LR_IROM1 (Base: 0x08000000, Size: 0x00009cd8, Max: 0x00100000, ABSOLUTE)

    Execution Region ER_IROM1 (Base: 0x08000000, Size: 0x00009c30, Max: 0x00100000, ABSOLUTE)

    Base Addr    Size         Type   Attr      Idx    E Section Name        Object

    0x08000000   0x00000188   Data   RO          213    RESET               startup_stm32f40_41xxx.o
    0x08000188   0x00000000   Code   RO         1290  * .ARM.Collect$$$$00000000  mc_w.l(entry.o)
    0x08000188   0x00000004   Code   RO         1623    .ARM.Collect$$$$00000001  mc_w.l(entry2.o)
    0x0800018c   0x00000004   Code   RO         1626    .ARM.Collect$$$$00000004  mc_w.l(entry5.o)
    0x08000190   0x00000000   Code   RO         1628    .ARM.Collect$$$$00000008  mc_w.l(entry7b.o)
    0x08000190   0x00000000   Code   RO         1630    .ARM.Collect$$$$0000000A  mc_w.l(entry8b.o)
    0x08000190   0x00000008   Code   RO         1631    .ARM.Collect$$$$0000000B  mc_w.l(entry9a.o)
    0x08000198   0x00000000   Code   RO         1633    .ARM.Collect$$$$0000000D  mc_w.l(entry10a.o)
    0x08000198   0x00000000   Code   RO         1635    .ARM.Collect$$$$0000000F  mc_w.l(entry11a.o)
    0x08000198   0x00000004   Code   RO         1624    .ARM.Collect$$$$00002712  mc_w.l(entry2.o)
    0x0800019c   0x000000a4   Code   RO            3    .text               main.o
    0x08000240   0x0000001a   Code   RO          164    .text               stm32f4xx_it.o
    0x0800025a   0x00000002   PAD
    0x0800025c   0x00000210   Code   RO          187    .text               system_stm32f4xx.o
    0x0800046c   0x00000024   Code   RO          214    .text               startup_stm32f40_41xxx.o
    0x08000490   0x000000e0   Code   RO          220    .text               misc.o
    0x08000570   0x000009f0   Code   RO          286    .text               stm32f4xx_can.o
    0x08000f60   0x000003a8   Code   RO          489    .text               stm32f4xx_dma.o
    0x08001308   0x00000294   Code   RO          595    .text               stm32f4xx_gpio.o
    0x0800159c   0x0000065c   Code   RO          758    .text               stm32f4xx_rcc.o
    0x08001bf8   0x00000ca2   Code   RO          903    .text               stm32f4xx_tim.o
    0x0800289a   0x00000002   PAD
    0x0800289c   0x00000454   Code   RO          923    .text               stm32f4xx_usart.o
    0x08002cf0   0x00000104   Code   RO          963    .text               delay.o
    0x08002df4   0x00000328   Code   RO         1003    .text               can.o
    0x0800311c   0x00000988   Code   RO         1060    .text               pzt_motor.o
    0x08003aa4   0x00000220   Code   RO         1091    .text               remote.o
    0x08003cc4   0x0000048c   Code   RO         1117    .text               mpu6050.o
    0x08004150   0x00000258   Code   RO         1144    .text               myiic.o
    0x080043a8   0x000004a8   Code   RO         1164    .text               chassis_motor.o
    0x08004850   0x000022b0   Code   RO         1192    .text               inv_mpu.o
    0x08006b00   0x00000d90   Code   RO         1233    .text               inv_mpu_dmp_motion_driver.o
    0x08007890   0x00000062   Code   RO         1293    .text               mc_w.l(ldiv.o)
    0x080078f2   0x00000024   Code   RO         1295    .text               mc_w.l(memseta.o)
    0x08007916   0x0000001a   Code   RO         1297    .text               mc_w.l(memcmp.o)
    0x08007930   0x0000014e   Code   RO         1560    .text               mf_w.l(dadd.o)
    0x08007a7e   0x000000e4   Code   RO         1562    .text               mf_w.l(dmul.o)
    0x08007b62   0x000000de   Code   RO         1564    .text               mf_w.l(ddiv.o)
    0x08007c40   0x00000022   Code   RO         1566    .text               mf_w.l(dflti.o)
    0x08007c62   0x00000026   Code   RO         1568    .text               mf_w.l(f2d.o)
    0x08007c88   0x00000038   Code   RO         1570    .text               mf_w.l(d2f.o)
    0x08007cc0   0x00000062   Code   RO         1642    .text               mc_w.l(uldiv.o)
    0x08007d22   0x0000001e   Code   RO         1644    .text               mc_w.l(llshl.o)
    0x08007d40   0x00000024   Code   RO         1646    .text               mc_w.l(llsshr.o)
    0x08007d64   0x00000000   Code   RO         1655    .text               mc_w.l(iusefp.o)
    0x08007d64   0x0000006e   Code   RO         1656    .text               mf_w.l(fepilogue.o)
    0x08007dd2   0x000000ba   Code   RO         1658    .text               mf_w.l(depilogue.o)
    0x08007e8c   0x00000024   Code   RO         1666    .text               mc_w.l(init.o)
    0x08007eb0   0x00000000   Code   RO         1668    .text               mc_w.l(semi.o)
    0x08007eb0   0x00000020   Code   RO         1669    .text               mc_w.l(llushr.o)
    0x08007ed0   0x00000000   Code   RO         1671    .text               mc_w.l(iusesemip.o)
    0x08007ed0   0x000000a2   Code   RO         1672    .text               mf_w.l(dsqrt.o)
    0x08007f72   0x00000002   PAD
    0x08007f74   0x00000020   Code   RO         1506    i.__0printf$8       mc_w.l(printf8.o)
    0x08007f94   0x00000030   Code   RO         1606    i.__ARM_fpclassify  m_wm.l(fpclassify.o)
    0x08007fc4   0x00000004   PAD
    0x08007fc8   0x00000360   Code   RO         1264    i.__hardfp_asin     m_wm.l(asin.o)
    0x08008328   0x000002d8   Code   RO         1572    i.__hardfp_atan     m_wm.l(atan.o)
    0x08008600   0x000001f0   Code   RO         1278    i.__hardfp_atan2    m_wm.l(atan2.o)
    0x080087f0   0x000000f8   Code   RO         1608    i.__kernel_poly     m_wm.l(poly.o)
    0x080088e8   0x00000014   Code   RO         1587    i.__mathlib_dbl_infnan  m_wm.l(dunder.o)
    0x080088fc   0x00000014   Code   RO         1588    i.__mathlib_dbl_infnan2  m_wm.l(dunder.o)
    0x08008910   0x00000020   Code   RO         1589    i.__mathlib_dbl_invalid  m_wm.l(dunder.o)
    0x08008930   0x00000020   Code   RO         1592    i.__mathlib_dbl_underflow  m_wm.l(dunder.o)
    0x08008950   0x0000000e   Code   RO         1678    i.__scatterload_copy  mc_w.l(handlers.o)
    0x0800895e   0x00000002   Code   RO         1679    i.__scatterload_null  mc_w.l(handlers.o)
    0x08008960   0x0000000e   Code   RO         1680    i.__scatterload_zeroinit  mc_w.l(handlers.o)
    0x0800896e   0x00000002   PAD
    0x08008970   0x0000000c   Code   RO         1650    i.__set_errno       mc_w.l(errno.o)
    0x0800897c   0x00000410   Code   RO         1513    i._printf_core      mc_w.l(printf8.o)
    0x08008d8c   0x00000024   Code   RO         1514    i._printf_post_padding  mc_w.l(printf8.o)
    0x08008db0   0x0000002e   Code   RO         1515    i._printf_pre_padding  mc_w.l(printf8.o)
    0x08008dde   0x00000010   Code   RO         1574    i.atan              m_wm.l(atan.o)
    0x08008dee   0x00000018   Code   RO         1602    i.fabs              m_wm.l(fabs.o)
    0x08008e06   0x00000012   Code   RO         1637    i.fputc             mc_w.l(fputc.o)
    0x08008e18   0x0000006e   Code   RO         1613    i.sqrt              m_wm.l(sqrt.o)
    0x08008e86   0x00000002   PAD
    0x08008e88   0x00000050   Data   RO         1193    .constdata          inv_mpu.o
    0x08008ed8   0x00000bf6   Data   RO         1235    .constdata          inv_mpu_dmp_motion_driver.o
    0x08009ace   0x00000002   PAD
    0x08009ad0   0x00000050   Data   RO         1267    .constdata          m_wm.l(asin.o)
    0x08009b20   0x00000098   Data   RO         1575    .constdata          m_wm.l(atan.o)
    0x08009bb8   0x00000008   Data   RO         1610    .constdata          m_wm.l(qnan.o)
    0x08009bc0   0x0000004d   Data   RO         1194    .conststring        inv_mpu.o
    0x08009c0d   0x00000003   PAD
    0x08009c10   0x00000020   Data   RO         1676    Region$$Table       anon$$obj.o


    Execution Region RW_IRAM1 (Base: 0x20000000, Size: 0x00000818, Max: 0x00020000, ABSOLUTE)

    Base Addr    Size         Type   Attr      Idx    E Section Name        Object

    0x20000000   0x00000001   Data   RW            4    .data               main.o
    0x20000001   0x00000003   PAD
    0x20000004   0x00000014   Data   RW          188    .data               system_stm32f4xx.o
    0x20000018   0x00000010   Data   RW          759    .data               stm32f4xx_rcc.o
    0x20000028   0x00000004   Data   RW          964    .data               delay.o
    0x2000002c   0x00000025   Data   RW         1062    .data               pzt_motor.o
    0x20000051   0x00000003   PAD
    0x20000054   0x0000000c   Data   RW         1119    .data               mpu6050.o
    0x20000060   0x00000008   Data   RW         1166    .data               chassis_motor.o
    0x20000068   0x00000035   Data   RW         1195    .data               inv_mpu.o
    0x2000009d   0x00000003   PAD
    0x200000a0   0x00000004   Data   RW         1639    .data               mc_w.l(stdout.o)
    0x200000a4   0x00000004   Data   RW         1651    .data               mc_w.l(errno.o)
    0x200000a8   0x00000030   Zero   RW         1004    .bss                can.o
    0x200000d8   0x000000f4   Zero   RW         1061    .bss                pzt_motor.o
    0x200001cc   0x00000026   Zero   RW         1092    .bss                remote.o
    0x200001f2   0x00000002   PAD
    0x200001f4   0x00000148   Zero   RW         1118    .bss                mpu6050.o
    0x2000033c   0x000000c8   Zero   RW         1165    .bss                chassis_motor.o
    0x20000404   0x00000010   Zero   RW         1234    .bss                inv_mpu_dmp_motion_driver.o
    0x20000414   0x00000004   PAD
    0x20000418   0x00000400   Zero   RW          211    STACK               startup_stm32f40_41xxx.o


==============================================================================

Image component sizes


      Code (inc. data)   RO Data    RW Data    ZI Data      Debug   Object Name

       808         24          0          0         48       3542   can.o
      1192         56          0          8        200       3603   chassis_motor.o
       260          8          0          4          0       1561   delay.o
      8880        218        157         53          0      24661   inv_mpu.o
      3472        142       3062          0         16      15635   inv_mpu_dmp_motion_driver.o
       164         16          0          1          0     294237   main.o
       224         20          0          0          0     239385   misc.o
      1164         48          0         12        328       5549   mpu6050.o
       600         12          0          0          0       1960   myiic.o
      2440        214          0         37        244       5081   pzt_motor.o
       544         34          0          0         38       2140   remote.o
        36          8        392          0       1024        856   startup_stm32f40_41xxx.o
      2544         38          0          0          0       8228   stm32f4xx_can.o
       936         32          0          0          0       6477   stm32f4xx_dma.o
       660         44          0          0          0       4241   stm32f4xx_gpio.o
        26          0          0          0          0       1262   stm32f4xx_it.o
      1628         52          0         16          0      13152   stm32f4xx_rcc.o
      3234         60          0          0          0      23096   stm32f4xx_tim.o
      1108         34          0          0          0       7964   stm32f4xx_usart.o
       528         46          0         20          0       1899   system_stm32f4xx.o

    ----------------------------------------------------------------------
     30452       1106       3648        160       1904     664529   Object Totals
         0          0         32          0          0          0   (incl. Generated)
         4          0          5          9          6          0   (incl. Padding)

    ----------------------------------------------------------------------

      Code (inc. data)   RO Data    RW Data    ZI Data      Debug   Library Member Name

       864         94         80          0          0        280   asin.o
       744        106        152          0          0        352   atan.o
       496         64          0          0          0        192   atan2.o
       104         16          0          0          0        496   dunder.o
        24          0          0          0          0        124   fabs.o
        48          0          0          0          0        124   fpclassify.o
       248          0          0          0          0        152   poly.o
         0          0          8          0          0          0   qnan.o
       110          0          0          0          0        148   sqrt.o
         0          0          0          0          0          0   entry.o
         0          0          0          0          0          0   entry10a.o
         0          0          0          0          0          0   entry11a.o
         8          4          0          0          0          0   entry2.o
         4          0          0          0          0          0   entry5.o
         0          0          0          0          0          0   entry7b.o
         0          0          0          0          0          0   entry8b.o
         8          4          0          0          0          0   entry9a.o
        12          6          0          4          0         68   errno.o
        18          0          0          0          0         80   fputc.o
        30          0          0          0          0          0   handlers.o
        36          8          0          0          0         68   init.o
         0          0          0          0          0          0   iusefp.o
         0          0          0          0          0          0   iusesemip.o
        98          0          0          0          0         84   ldiv.o
        30          0          0          0          0         68   llshl.o
        36          0          0          0          0         68   llsshr.o
        32          0          0          0          0         68   llushr.o
        26          0          0          0          0         80   memcmp.o
        36          0          0          0          0        108   memseta.o
      1154         54          0          0          0        352   printf8.o
         0          0          0          0          0          0   semi.o
         0          0          0          4          0          0   stdout.o
        98          0          0          0          0         92   uldiv.o
        56          0          0          0          0         88   d2f.o
       334          0          0          0          0        148   dadd.o
       222          0          0          0          0        100   ddiv.o
       186          0          0          0          0        176   depilogue.o
        34          0          0          0          0         76   dflti.o
       228          0          0          0          0         96   dmul.o
       162          0          0          0          0        100   dsqrt.o
        38          0          0          0          0         68   f2d.o
       110          0          0          0          0        168   fepilogue.o

    ----------------------------------------------------------------------
      5644        356        240          8          0       4024   Library Totals
        10          0          0          0          0          0   (incl. Padding)

    ----------------------------------------------------------------------

      Code (inc. data)   RO Data    RW Data    ZI Data      Debug   Library Name

      2638        280        240          0          0       1868   m_wm.l
      1626         76          0          8          0       1136   mc_w.l
      1370          0          0          0          0       1020   mf_w.l

    ----------------------------------------------------------------------
      5644        356        240          8          0       4024   Library Totals

    ----------------------------------------------------------------------

==============================================================================


      Code (inc. data)   RO Data    RW Data    ZI Data      Debug   

     36096       1462       3888        168       1904     662417   Grand Totals
     36096       1462       3888        168       1904     662417   ELF Image Totals
     36096       1462       3888        168          0          0   ROM Totals

==============================================================================

    Total RO  Size (Code + RO Data)                39984 (  39.05kB)
    Total RW  Size (RW Data + ZI Data)              2072 (   2.02kB)
    Total ROM Size (Code + RO Data + RW Data)      40152 (  39.21kB)

==============================================================================

